Archive member included to satisfy reference by file (symbol)

c:/st/stm32cubeide_1.11.0/stm32cubeide/plugins/com.st.stm32cube.ide.mcu.externaltools.gnu-tools-for-stm32.10.3-2021.10.win32_1.0.100.202210260954/tools/bin/../lib/gcc/arm-none-eabi/10.3.1/../../../../arm-none-eabi/lib/thumb/v7-m/nofp\libc_nano.a(lib_a-errno.o)
                              ./Core/Src/syscalls.o (__errno)
c:/st/stm32cubeide_1.11.0/stm32cubeide/plugins/com.st.stm32cube.ide.mcu.externaltools.gnu-tools-for-stm32.10.3-2021.10.win32_1.0.100.202210260954/tools/bin/../lib/gcc/arm-none-eabi/10.3.1/../../../../arm-none-eabi/lib/thumb/v7-m/nofp\libc_nano.a(lib_a-exit.o)
                              c:/st/stm32cubeide_1.11.0/stm32cubeide/plugins/com.st.stm32cube.ide.mcu.externaltools.gnu-tools-for-stm32.10.3-2021.10.win32_1.0.100.202210260954/tools/bin/../lib/gcc/arm-none-eabi/10.3.1/../../../../arm-none-eabi/lib/thumb/v7-m/nofp/crt0.o (exit)
c:/st/stm32cubeide_1.11.0/stm32cubeide/plugins/com.st.stm32cube.ide.mcu.externaltools.gnu-tools-for-stm32.10.3-2021.10.win32_1.0.100.202210260954/tools/bin/../lib/gcc/arm-none-eabi/10.3.1/../../../../arm-none-eabi/lib/thumb/v7-m/nofp\libc_nano.a(lib_a-impure.o)
                              c:/st/stm32cubeide_1.11.0/stm32cubeide/plugins/com.st.stm32cube.ide.mcu.externaltools.gnu-tools-for-stm32.10.3-2021.10.win32_1.0.100.202210260954/tools/bin/../lib/gcc/arm-none-eabi/10.3.1/../../../../arm-none-eabi/lib/thumb/v7-m/nofp\libc_nano.a(lib_a-exit.o) (_global_impure_ptr)
c:/st/stm32cubeide_1.11.0/stm32cubeide/plugins/com.st.stm32cube.ide.mcu.externaltools.gnu-tools-for-stm32.10.3-2021.10.win32_1.0.100.202210260954/tools/bin/../lib/gcc/arm-none-eabi/10.3.1/../../../../arm-none-eabi/lib/thumb/v7-m/nofp\libc_nano.a(lib_a-init.o)
                              c:/st/stm32cubeide_1.11.0/stm32cubeide/plugins/com.st.stm32cube.ide.mcu.externaltools.gnu-tools-for-stm32.10.3-2021.10.win32_1.0.100.202210260954/tools/bin/../lib/gcc/arm-none-eabi/10.3.1/../../../../arm-none-eabi/lib/thumb/v7-m/nofp/crt0.o (__libc_init_array)
c:/st/stm32cubeide_1.11.0/stm32cubeide/plugins/com.st.stm32cube.ide.mcu.externaltools.gnu-tools-for-stm32.10.3-2021.10.win32_1.0.100.202210260954/tools/bin/../lib/gcc/arm-none-eabi/10.3.1/../../../../arm-none-eabi/lib/thumb/v7-m/nofp\libc_nano.a(lib_a-memset.o)
                              c:/st/stm32cubeide_1.11.0/stm32cubeide/plugins/com.st.stm32cube.ide.mcu.externaltools.gnu-tools-for-stm32.10.3-2021.10.win32_1.0.100.202210260954/tools/bin/../lib/gcc/arm-none-eabi/10.3.1/../../../../arm-none-eabi/lib/thumb/v7-m/nofp/crt0.o (memset)
c:/st/stm32cubeide_1.11.0/stm32cubeide/plugins/com.st.stm32cube.ide.mcu.externaltools.gnu-tools-for-stm32.10.3-2021.10.win32_1.0.100.202210260954/tools/bin/../lib/gcc/arm-none-eabi/10.3.1/../../../../arm-none-eabi/lib/thumb/v7-m/nofp\libc_nano.a(lib_a-printf.o)
                              ./Core/Src/main.o (printf)
c:/st/stm32cubeide_1.11.0/stm32cubeide/plugins/com.st.stm32cube.ide.mcu.externaltools.gnu-tools-for-stm32.10.3-2021.10.win32_1.0.100.202210260954/tools/bin/../lib/gcc/arm-none-eabi/10.3.1/../../../../arm-none-eabi/lib/thumb/v7-m/nofp\libc_nano.a(lib_a-sprintf.o)
                              ./Core/Src/main.o (sprintf)
c:/st/stm32cubeide_1.11.0/stm32cubeide/plugins/com.st.stm32cube.ide.mcu.externaltools.gnu-tools-for-stm32.10.3-2021.10.win32_1.0.100.202210260954/tools/bin/../lib/gcc/arm-none-eabi/10.3.1/../../../../arm-none-eabi/lib/thumb/v7-m/nofp\libc_nano.a(lib_a-strlen.o)
                              ./Core/Src/main.o (strlen)
c:/st/stm32cubeide_1.11.0/stm32cubeide/plugins/com.st.stm32cube.ide.mcu.externaltools.gnu-tools-for-stm32.10.3-2021.10.win32_1.0.100.202210260954/tools/bin/../lib/gcc/arm-none-eabi/10.3.1/../../../../arm-none-eabi/lib/thumb/v7-m/nofp\libc_nano.a(lib_a-findfp.o)
                              c:/st/stm32cubeide_1.11.0/stm32cubeide/plugins/com.st.stm32cube.ide.mcu.externaltools.gnu-tools-for-stm32.10.3-2021.10.win32_1.0.100.202210260954/tools/bin/../lib/gcc/arm-none-eabi/10.3.1/../../../../arm-none-eabi/lib/thumb/v7-m/nofp\libc_nano.a(lib_a-printf.o) (__sinit)
c:/st/stm32cubeide_1.11.0/stm32cubeide/plugins/com.st.stm32cube.ide.mcu.externaltools.gnu-tools-for-stm32.10.3-2021.10.win32_1.0.100.202210260954/tools/bin/../lib/gcc/arm-none-eabi/10.3.1/../../../../arm-none-eabi/lib/thumb/v7-m/nofp\libc_nano.a(lib_a-fwalk.o)
                              c:/st/stm32cubeide_1.11.0/stm32cubeide/plugins/com.st.stm32cube.ide.mcu.externaltools.gnu-tools-for-stm32.10.3-2021.10.win32_1.0.100.202210260954/tools/bin/../lib/gcc/arm-none-eabi/10.3.1/../../../../arm-none-eabi/lib/thumb/v7-m/nofp\libc_nano.a(lib_a-findfp.o) (_fwalk)
c:/st/stm32cubeide_1.11.0/stm32cubeide/plugins/com.st.stm32cube.ide.mcu.externaltools.gnu-tools-for-stm32.10.3-2021.10.win32_1.0.100.202210260954/tools/bin/../lib/gcc/arm-none-eabi/10.3.1/../../../../arm-none-eabi/lib/thumb/v7-m/nofp\libc_nano.a(lib_a-lock.o)
[...]
Memory Configuration

Name             Origin             Length             Attributes
RAM              0x0000000020000000 0x0000000000005000 xrw
FLASH            0x0000000008000000 0x0000000000010000 xr
*default*        0x0000000000000000 0xffffffffffffffff

Linker script and memory map

LOAD c:/st/stm32cubeide_1.11.0/stm32cubeide/plugins/com.st.stm32cube.ide.mcu.externaltools.gnu-tools-for-stm32.10.3-2021.10.win32_1.0.100.202210260954/tools/bin/../lib/gcc/arm-none-eabi/10.3.1/thumb/v7-m/nofp/crti.o
LOAD c:/st/stm32cubeide_1.11.0/stm32cubeide/plugins/com.st.stm32cube.ide.mcu.externaltools.gnu-tools-for-stm32.10.3-2021.10.win32_1.0.100.202210260954/tools/bin/../lib/gcc/arm-none-eabi/10.3.1/thumb/v7-m/nofp/crtbegin.o
LOAD c:/st/stm32cubeide_1.11.0/stm32cubeide/plugins/com.st.stm32cube.ide.mcu.externaltools.gnu-tools-for-stm32.10.3-2021.10.win32_1.0.100.202210260954/tools/bin/../lib/gcc/arm-none-eabi/10.3.1/../../../../arm-none-eabi/lib/thumb/v7-m/nofp/crt0.o
LOAD ./Core/Src/SX1278.o
LOAD ./Core/Src/SX1278_hw.o
LOAD ./Core/Src/led.o
LOAD ./Core/Src/main.o
LOAD ./Core/Src/module.o
LOAD ./Core/Src/rs485.o
LOAD ./Core/Src/stm32f1xx_hal_msp.o
LOAD ./Core/Src/stm32f1xx_it.o
LOAD ./Core/Src/syscalls.o
LOAD ./Core/Src/sysmem.o
LOAD ./Core/Src/system_stm32f1xx.o
LOAD ./Core/Src/uart1.o
LOAD ./Core/Startup/startup_stm32f103c8tx.o
LOAD ./Drivers/STM32F1xx_HAL_Driver/Src/stm32f1xx_hal.o
LOAD ./Drivers/STM32F1xx_HAL_Driver/Src/stm32f1xx_hal_adc.o
LOAD ./Drivers/STM32F1xx_HAL_Driver/Src/stm32f1xx_hal_adc_ex.o
LOAD ./Drivers/STM32F1xx_HAL_Driver/Src/stm32f1xx_hal_cortex.o
LOAD ./Drivers/STM32F1xx_HAL_Driver/Src/stm32f1xx_hal_crc.o
LOAD ./Drivers/STM32F1xx_HAL_Driver/Src/stm32f1xx_hal_dma.o
LOAD ./Drivers/STM32F1xx_HAL_Driver/Src/stm32f1xx_hal_exti.o
LOAD ./Drivers/STM32F1xx_HAL_Driver/Src/stm32f1xx_hal_flash.o
LOAD ./Drivers/STM32F1xx_HAL_Driver/Src/stm32f1xx_hal_flash_ex.o
LOAD ./Drivers/STM32F1xx_HAL_Driver/Src/stm32f1xx_hal_gpio.o
LOAD ./Drivers/STM32F1xx_HAL_Driver/Src/stm32f1xx_hal_gpio_ex.o
LOAD ./Drivers/STM32F1xx_HAL_Driver/Src/stm32f1xx_hal_i2c.o
LOAD ./Drivers/STM32F1xx_HAL_Driver/Src/stm32f1xx_hal_pwr.o
LOAD ./Drivers/STM32F1xx_HAL_Driver/Src/stm32f1xx_hal_rcc.o
LOAD ./Drivers/STM32F1xx_HAL_Driver/Src/stm32f1xx_hal_rcc_ex.o
LOAD ./Drivers/STM32F1xx_HAL_Driver/Src/stm32f1xx_hal_spi.o
LOAD ./Drivers/STM32F1xx_HAL_Driver/Src/stm32f1xx_hal_tim.o
LOAD ./Drivers/STM32F1xx_HAL_Driver/Src/stm32f1xx_hal_tim_ex.o
LOAD ./Drivers/STM32F1xx_HAL_Driver/Src/stm32f1xx_hal_uart.o
START GROUP
LOAD c:/st/stm32cubeide_1.11.0/stm32cubeide/plugins/com.st.stm32cube.ide.mcu.externaltools.gnu-tools-for-stm32.10.3-2021.10.win32_1.0.100.202210260954/tools/bin/../lib/gcc/arm-none-eabi/10.3.1/../../../../arm-none-eabi/lib/thumb/v7-m/nofp\libc_nano.a
LOAD c:/st/stm32cubeide_1.11.0/stm32cubeide/plugins/com.st.stm32cube.ide.mcu.externaltools.gnu-tools-for-stm32.10.3-2021.10.win32_1.0.100.202210260954/tools/bin/../lib/gcc/arm-none-eabi/10.3.1/../../../../arm-none-eabi/lib/thumb/v7-m/nofp\libm.a
END GROUP
START GROUP
LOAD c:/st/stm32cubeide_1.11.0/stm32cubeide/plugins/com.st.stm32cube.ide.mcu.externaltools.gnu-tools-for-stm32.10.3-2021.10.win32_1.0.100.202210260954/tools/bin/../lib/gcc/arm-none-eabi/10.3.1/thumb/v7-m/nofp\libgcc.a
LOAD c:/st/stm32cubeide_1.11.0/stm32cubeide/plugins/com.st.stm32cube.ide.mcu.externaltools.gnu-tools-for-stm32.10.3-2021.10.win32_1.0.100.202210260954/tools/bin/../lib/gcc/arm-none-eabi/10.3.1/../../../../arm-none-eabi/lib/thumb/v7-m/nofp\libc_nano.a
END GROUP
START GROUP
LOAD c:/st/stm32cubeide_1.11.0/stm32cubeide/plugins/com.st.stm32cube.ide.mcu.externaltools.gnu-tools-for-stm32.10.3-2021.10.win32_1.0.100.202210260954/tools/bin/../lib/gcc/arm-none-eabi/10.3.1/thumb/v7-m/nofp\libgcc.a
LOAD c:/st/stm32cubeide_1.11.0/stm32cubeide/plugins/com.st.stm32cube.ide.mcu.externaltools.gnu-tools-for-stm32.10.3-2021.10.win32_1.0.100.202210260954/tools/bin/../lib/gcc/arm-none-eabi/10.3.1/../../../../arm-none-eabi/lib/thumb/v7-m/nofp\libc_nano.a
LOAD c:/st/stm32cubeide_1.11.0/stm32cubeide/plugins/com.st.stm32cube.ide.mcu.externaltools.gnu-tools-for-stm32.10.3-2021.10.win32_1.0.100.202210260954/tools/bin/../lib/gcc/arm-none-eabi/10.3.1/../../../../arm-none-eabi/lib/thumb/v7-m/nofp\libnosys.a
END GROUP
START GROUP
LOAD c:/st/stm32cubeide_1.11.0/stm32cubeide/plugins/com.st.stm32cube.ide.mcu.externaltools.gnu-tools-for-stm32.10.3-2021.10.win32_1.0.100.202210260954/tools/bin/../lib/gcc/arm-none-eabi/10.3.1/thumb/v7-m/nofp\libgcc.a
LOAD c:/st/stm32cubeide_1.11.0/stm32cubeide/plugins/com.st.stm32cube.ide.mcu.externaltools.gnu-tools-for-stm32.10.3-2021.10.win32_1.0.100.202210260954/tools/bin/../lib/gcc/arm-none-eabi/10.3.1/../../../../arm-none-eabi/lib/thumb/v7-m/nofp\libc_nano.a
LOAD c:/st/stm32cubeide_1.11.0/stm32cubeide/plugins/com.st.stm32cube.ide.mcu.externaltools.gnu-tools-for-stm32.10.3-2021.10.win32_1.0.100.202210260954/tools/bin/../lib/gcc/arm-none-eabi/10.3.1/../../../../arm-none-eabi/lib/thumb/v7-m/nofp\libnosys.a
END GROUP
LOAD c:/st/stm32cubeide_1.11.0/stm32cubeide/plugins/com.st.stm32cube.ide.mcu.externaltools.gnu-tools-for-stm32.10.3-2021.10.win32_1.0.100.202210260954/tools/bin/../lib/gcc/arm-none-eabi/10.3.1/thumb/v7-m/nofp/crtend.o
LOAD c:/st/stm32cubeide_1.11.0/stm32cubeide/plugins/com.st.stm32cube.ide.mcu.externaltools.gnu-tools-for-stm32.10.3-2021.10.win32_1.0.100.202210260954/tools/bin/../lib/gcc/arm-none-eabi/10.3.1/thumb/v7-m/nofp/crtn.o
                0x0000000020005000                _estack = (ORIGIN (RAM) + LENGTH (RAM))
                0x0000000000000200                _Min_Heap_Size = 0x200
                0x0000000000000400                _Min_Stack_Size = 0x400

.isr_vector     0x0000000008000000      0x10c
                0x0000000008000000                . = ALIGN (0x4)
 *(.isr_vector)
 .isr_vector    0x0000000008000000      0x10c ./Core/Startup/startup_stm32f103c8tx.o
                0x0000000008000000                g_pfnVectors
                0x000000000800010c                . = ALIGN (0x4)

.text           0x0000000008000110     0x59f8
                0x0000000008000110                . = ALIGN (0x4)
 *(.text)
 .text          0x0000000008000110       0x40 c:/st/stm32cubeide_1.11.0/stm32cubeide/plugins/com.st.stm32cube.ide.mcu.externaltools.gnu-tools-for-stm32.10.3-2021.10.win32_1.0.100.202210260954/tools/bin/../lib/gcc/arm-none-eabi/10.3.1/thumb/v7-m/nofp/crtbegin.o
 .text          0x0000000008000150       0x10 c:/st/stm32cubeide_1.11.0/stm32cubeide/plugins/com.st.stm32cube.ide.mcu.externaltools.gnu-tools-for-stm32.10.3-2021.10.win32_1.0.100.202210260954/tools/bin/../lib/gcc/arm-none-eabi/10.3.1/../../../../arm-none-eabi/lib/thumb/v7-m/nofp\libc_nano.a(lib_a-strlen.o)
                0x0000000008000150                strlen
 .text          0x0000000008000160       0x30 c:/st/stm32cubeide_1.11.0/stm32cubeide/plugins/com.st.stm32cube.ide.mcu.externaltools.gnu-tools-for-stm32.10.3-2021.10.win32_1.0.100.202210260954/tools/bin/../lib/gcc/arm-none-eabi/10.3.1/thumb/v7-m/nofp\libgcc.a(_aeabi_uldivmod.o)
                0x0000000008000160                __aeabi_uldivmod
 .text          0x0000000008000190      0x2d4 c:/st/stm32cubeide_1.11.0/stm32cubeide/plugins/com.st.stm32cube.ide.mcu.externaltools.gnu-tools-for-stm32.10.3-2021.10.win32_1.0.100.202210260954/tools/bin/../lib/gcc/arm-none-eabi/10.3.1/thumb/v7-m/nofp\libgcc.a(_udivmoddi4.o)
                0x0000000008000190                __udivmoddi4
 .text          0x0000000008000464        0x4 c:/st/stm32cubeide_1.11.0/stm32cubeide/plugins/com.st.stm32cube.ide.mcu.externaltools.gnu-tools-for-stm32.10.3-2021.10.win32_1.0.100.202210260954/tools/bin/../lib/gcc/arm-none-eabi/10.3.1/thumb/v7-m/nofp\libgcc.a(_dvmd_tls.o)
                0x0000000008000464                __aeabi_idiv0
                0x0000000008000464                __aeabi_ldiv0
 *(.text*)
 .text.readRegister
                0x0000000008000468       0x54 ./Core/Src/SX1278.o
                0x0000000008000468                readRegister
 .text.writeRegister
                0x00000000080004bc       0xa8 ./Core/Src/SX1278.o
                0x00000000080004bc                writeRegister
 .text.setRFFrequency
                0x0000000008000564       0x84 ./Core/Src/SX1278.o
                0x0000000008000564                setRFFrequency
 .text.setOutputPower
                0x00000000080005e8       0x24 ./Core/Src/SX1278.o
                0x00000000080005e8                setOutputPower
 .text.setLORAWAN
                0x000000000800060c       0x24 ./Core/Src/SX1278.o
                0x000000000800060c                setLORAWAN
 .text.setOvercurrentProtect
                0x0000000008000630       0x24 ./Core/Src/SX1278.o
                0x0000000008000630                setOvercurrentProtect
 .text.setPreambleParameters
                0x0000000008000654       0x54 ./Core/Src/SX1278.o
                0x0000000008000654                setPreambleParameters
 .text.setReModemConfig
                0x00000000080006a8       0x9a ./Core/Src/SX1278.o
                0x00000000080006a8                setReModemConfig
 .text.setDetectionParameters
                0x0000000008000742       0x5e ./Core/Src/SX1278.o
                0x0000000008000742                setDetectionParameters
 .text.readMode
                0x00000000080007a0       0x26 ./Core/Src/SX1278.o
                0x00000000080007a0                readMode
 .text.updateLoraLowFreq
                0x00000000080007c6       0x38 ./Core/Src/SX1278.o
                0x00000000080007c6                updateLoraLowFreq
 .text.clearIrqFlags
                0x00000000080007fe       0x26 ./Core/Src/SX1278.o
                0x00000000080007fe                clearIrqFlags
 .text.SX1278_hw_GetDIO0
                0x0000000008000824       0x2e ./Core/Src/SX1278_hw.o
                0x0000000008000824                SX1278_hw_GetDIO0
 *fill*         0x0000000008000852        0x2 
 .text.ledInit  0x0000000008000854       0x64 ./Core/Src/led.o
                0x0000000008000854                ledInit
 .text.led_enable_kalive
                0x00000000080008b8       0x5c ./Core/Src/led.o
                0x00000000080008b8                led_enable_kalive
 .text.led_reset
                0x0000000008000914       0x3e ./Core/Src/led.o
                0x0000000008000914                led_reset
 *fill*         0x0000000008000952        0x2 
 .text.HAL_UART_RxCpltCallback
                0x0000000008000954       0x60 ./Core/Src/main.o
                0x0000000008000954                HAL_UART_RxCpltCallback
 *fill*         0x00000000080009b4        0x4 
 .text.setTxBaseParameters
                0x00000000080009b8      0x108 ./Core/Src/main.o
                0x00000000080009b8                setTxBaseParameters
 .text.saveTx   0x0000000008000ac0       0xc4 ./Core/Src/main.o
                0x0000000008000ac0                saveTx
 .text.setTxParameters
                0x0000000008000b84       0x66 ./Core/Src/main.o
                0x0000000008000b84                setTxParameters
 *fill*         0x0000000008000bea        0x2 
 .text.sx1278Reset
                0x0000000008000bec       0x38 ./Core/Src/main.o
                0x0000000008000bec                sx1278Reset
 .text.transmit
                0x0000000008000c24      0x22c ./Core/Src/main.o
                0x0000000008000c24                transmit
 .text.setRxBaseParameters
                0x0000000008000e50       0xd0 ./Core/Src/main.o
                0x0000000008000e50                setRxBaseParameters
 .text.saveRx   0x0000000008000f20       0xc4 ./Core/Src/main.o
                0x0000000008000f20                saveRx
 .text.setRxParameters
                0x0000000008000fe4       0x6a ./Core/Src/main.o
                0x0000000008000fe4                setRxParameters
 .text.clearMemForRx
                0x000000000800104e       0x2a ./Core/Src/main.o
                0x000000000800104e                clearMemForRx
 .text.waitForRxDone
                0x0000000008001078       0x6e ./Core/Src/main.o
                0x0000000008001078                waitForRxDone
 *fill*         0x00000000080010e6        0x2 
 .text.configInit
                0x00000000080010e8       0x64 ./Core/Src/main.o
                0x00000000080010e8                configInit
 .text.crcErrorActivation
                0x000000000800114c       0x5c ./Core/Src/main.o
                0x000000000800114c                crcErrorActivation
 .text.getLoraPacket
                0x00000000080011a8       0x78 ./Core/Src/main.o
                0x00000000080011a8                getLoraPacket
 .text.printParameters
                0x0000000008001220       0x54 ./Core/Src/main.o
                0x0000000008001220                printParameters
 .text.read     0x0000000008001274       0x8e ./Core/Src/main.o
                0x0000000008001274                read
 *fill*         0x0000000008001302        0x2 
 .text.modeCmdUpdate
                0x0000000008001304       0x74 ./Core/Src/main.o
                0x0000000008001304                modeCmdUpdate
 .text.modeRs485Update
                0x0000000008001378       0x78 ./Core/Src/main.o
                0x0000000008001378                modeRs485Update
 .text.main     0x00000000080013f0      0x2d0 ./Core/Src/main.o
                0x00000000080013f0                main
 .text.SystemClock_Config
                0x00000000080016c0       0xb2 ./Core/Src/main.o
                0x00000000080016c0                SystemClock_Config
 *fill*         0x0000000008001772        0x2 
 .text.MX_ADC1_Init
                0x0000000008001774       0x7c ./Core/Src/main.o
 .text.MX_CRC_Init
                0x00000000080017f0       0x28 ./Core/Src/main.o
 .text.MX_I2C1_Init
                0x0000000008001818       0x5c ./Core/Src/main.o
 .text.MX_SPI1_Init
                0x0000000008001874       0x6c ./Core/Src/main.o
 .text.MX_USART1_UART_Init
                0x00000000080018e0       0x54 ./Core/Src/main.o
 .text.MX_USART2_UART_Init
                0x0000000008001934       0x54 ./Core/Src/main.o
 .text.MX_USART3_UART_Init
                0x0000000008001988       0x54 ./Core/Src/main.o
 .text.MX_GPIO_Init
                0x00000000080019dc       0xb0 ./Core/Src/main.o
 .text.Error_Handler
                0x0000000008001a8c        0xa ./Core/Src/main.o
                0x0000000008001a8c                Error_Handler
 .text.toneUhfInit
                0x0000000008001a96       0x3e ./Core/Src/module.o
                0x0000000008001a96                toneUhfInit
 .text.crc_get  0x0000000008001ad4       0x7c ./Core/Src/rs485.o
                0x0000000008001ad4                crc_get
 .text.rs485Init
                0x0000000008001b50       0x40 ./Core/Src/rs485.o
                0x0000000008001b50                rs485Init
 .text.rs485_check_frame
                0x0000000008001b90       0x48 ./Core/Src/rs485.o
                0x0000000008001b90                rs485_check_frame
 .text.rs485_check_CRC_module
                0x0000000008001bd8       0x42 ./Core/Src/rs485.o
                0x0000000008001bd8                rs485_check_CRC_module
 .text.rs485_check_valid_module
                0x0000000008001c1a       0x5a ./Core/Src/rs485.o
                0x0000000008001c1a                rs485_check_valid_module
 .text.rs485Uart1Decode
                0x0000000008001c74      0x154 ./Core/Src/rs485.o
                0x0000000008001c74                rs485Uart1Decode
 .text.HAL_MspInit
                0x0000000008001dc8       0x64 ./Core/Src/stm32f1xx_hal_msp.o
                0x0000000008001dc8                HAL_MspInit
 .text.HAL_ADC_MspInit
                0x0000000008001e2c       0x78 ./Core/Src/stm32f1xx_hal_msp.o
                0x0000000008001e2c                HAL_ADC_MspInit
 .text.HAL_CRC_MspInit
                0x0000000008001ea4       0x3c ./Core/Src/stm32f1xx_hal_msp.o
                0x0000000008001ea4                HAL_CRC_MspInit
 .text.HAL_I2C_MspInit
                0x0000000008001ee0       0x7c ./Core/Src/stm32f1xx_hal_msp.o
                0x0000000008001ee0                HAL_I2C_MspInit
 .text.HAL_SPI_MspInit
                0x0000000008001f5c       0x94 ./Core/Src/stm32f1xx_hal_msp.o
                0x0000000008001f5c                HAL_SPI_MspInit
 .text.HAL_UART_MspInit
                0x0000000008001ff0      0x190 ./Core/Src/stm32f1xx_hal_msp.o
                0x0000000008001ff0                HAL_UART_MspInit
 .text.NMI_Handler
                0x0000000008002180        0x6 ./Core/Src/stm32f1xx_it.o
                0x0000000008002180                NMI_Handler
 .text.HardFault_Handler
                0x0000000008002186        0x6 ./Core/Src/stm32f1xx_it.o
                0x0000000008002186                HardFault_Handler
 .text.MemManage_Handler
                0x000000000800218c        0x6 ./Core/Src/stm32f1xx_it.o
                0x000000000800218c                MemManage_Handler
 .text.BusFault_Handler
                0x0000000008002192        0x6 ./Core/Src/stm32f1xx_it.o
                0x0000000008002192                BusFault_Handler
 .text.UsageFault_Handler
                0x0000000008002198        0x6 ./Core/Src/stm32f1xx_it.o
                0x0000000008002198                UsageFault_Handler
 .text.SVC_Handler
                0x000000000800219e        0xc ./Core/Src/stm32f1xx_it.o
                0x000000000800219e                SVC_Handler
 .text.DebugMon_Handler
                0x00000000080021aa        0xc ./Core/Src/stm32f1xx_it.o
                0x00000000080021aa                DebugMon_Handler
 .text.PendSV_Handler
                0x00000000080021b6        0xc ./Core/Src/stm32f1xx_it.o
                0x00000000080021b6                PendSV_Handler
 .text.SysTick_Handler
                0x00000000080021c2        0xc ./Core/Src/stm32f1xx_it.o
                0x00000000080021c2                SysTick_Handler
 *fill*         0x00000000080021ce        0x2 
 .text.USART1_IRQHandler
                0x00000000080021d0       0x14 ./Core/Src/stm32f1xx_it.o
                0x00000000080021d0                USART1_IRQHandler
 .text._sbrk    0x00000000080021e4       0x6c ./Core/Src/sysmem.o
                0x00000000080021e4                _sbrk
 .text.SystemInit
                0x0000000008002250        0xc ./Core/Src/system_stm32f1xx.o
                0x0000000008002250                SystemInit
 .text.uart1_clean_by_timeout
                0x000000000800225c       0x58 ./Core/Src/uart1.o
                0x000000000800225c                uart1_clean_by_timeout
 .text.uart1_write
                0x00000000080022b4       0x58 ./Core/Src/uart1.o
                0x00000000080022b4                uart1_write
 .text.uart1_send_str
                0x000000000800230c       0x38 ./Core/Src/uart1.o
                0x000000000800230c                uart1_send_str
 .text.uart1_clean_buffer
                0x0000000008002344       0x4a ./Core/Src/uart1.o
                0x0000000008002344                uart1_clean_buffer
 *fill*         0x000000000800238e        0x2 
 .text.Reset_Handler
                0x0000000008002390       0x48 ./Core/Startup/startup_stm32f103c8tx.o
                0x0000000008002390                Reset_Handler
 .text.Default_Handler
                0x00000000080023d8        0x2 ./Core/Startup/startup_stm32f103c8tx.o
                0x00000000080023d8                RTC_Alarm_IRQHandler
                0x00000000080023d8                EXTI2_IRQHandler
                0x00000000080023d8                TIM1_CC_IRQHandler
                0x00000000080023d8                PVD_IRQHandler
                0x00000000080023d8                EXTI3_IRQHandler
                0x00000000080023d8                EXTI0_IRQHandler
                0x00000000080023d8                I2C2_EV_IRQHandler
                0x00000000080023d8                ADC1_2_IRQHandler
                0x00000000080023d8                SPI1_IRQHandler
                0x00000000080023d8                TAMPER_IRQHandler
                0x00000000080023d8                DMA1_Channel4_IRQHandler
                0x00000000080023d8                USART3_IRQHandler
                0x00000000080023d8                RTC_IRQHandler
                0x00000000080023d8                DMA1_Channel7_IRQHandler
                0x00000000080023d8                CAN1_RX1_IRQHandler
                0x00000000080023d8                TIM4_IRQHandler
                0x00000000080023d8                I2C1_EV_IRQHandler
                0x00000000080023d8                DMA1_Channel6_IRQHandler
                0x00000000080023d8                TIM3_IRQHandler
                0x00000000080023d8                RCC_IRQHandler
                0x00000000080023d8                TIM1_TRG_COM_IRQHandler
                0x00000000080023d8                DMA1_Channel1_IRQHandler
                0x00000000080023d8                Default_Handler
                0x00000000080023d8                EXTI15_10_IRQHandler
                0x00000000080023d8                EXTI9_5_IRQHandler
                0x00000000080023d8                SPI2_IRQHandler
                0x00000000080023d8                DMA1_Channel5_IRQHandler
                0x00000000080023d8                EXTI4_IRQHandler
                0x00000000080023d8                USB_LP_CAN1_RX0_IRQHandler
                0x00000000080023d8                USB_HP_CAN1_TX_IRQHandler
                0x00000000080023d8                DMA1_Channel3_IRQHandler
                0x00000000080023d8                TIM1_UP_IRQHandler
                0x00000000080023d8                WWDG_IRQHandler
                0x00000000080023d8                TIM2_IRQHandler
                0x00000000080023d8                TIM1_BRK_IRQHandler
                0x00000000080023d8                EXTI1_IRQHandler
                0x00000000080023d8                USART2_IRQHandler
                0x00000000080023d8                I2C2_ER_IRQHandler
                0x00000000080023d8                DMA1_Channel2_IRQHandler
                0x00000000080023d8                CAN1_SCE_IRQHandler
                0x00000000080023d8                FLASH_IRQHandler
                0x00000000080023d8                I2C1_ER_IRQHandler
                0x00000000080023d8                USBWakeUp_IRQHandler
 *fill*         0x00000000080023da        0x2 
 .text.HAL_Init
                0x00000000080023dc       0x2c ./Drivers/STM32F1xx_HAL_Driver/Src/stm32f1xx_hal.o
                0x00000000080023dc                HAL_Init
 .text.HAL_InitTick
                0x0000000008002408       0x60 ./Drivers/STM32F1xx_HAL_Driver/Src/stm32f1xx_hal.o
                0x0000000008002408                HAL_InitTick
 .text.HAL_IncTick
                0x0000000008002468       0x24 ./Drivers/STM32F1xx_HAL_Driver/Src/stm32f1xx_hal.o
                0x0000000008002468                HAL_IncTick
 .text.HAL_GetTick
                0x000000000800248c       0x14 ./Drivers/STM32F1xx_HAL_Driver/Src/stm32f1xx_hal.o
                0x000000000800248c                HAL_GetTick
 .text.HAL_Delay
                0x00000000080024a0       0x48 ./Drivers/STM32F1xx_HAL_Driver/Src/stm32f1xx_hal.o
                0x00000000080024a0                HAL_Delay
 .text.HAL_ADC_Init
                0x00000000080024e8      0x1b0 ./Drivers/STM32F1xx_HAL_Driver/Src/stm32f1xx_hal_adc.o
                0x00000000080024e8                HAL_ADC_Init
 .text.HAL_ADC_ConfigChannel
                0x0000000008002698      0x1f0 ./Drivers/STM32F1xx_HAL_Driver/Src/stm32f1xx_hal_adc.o
                0x0000000008002698                HAL_ADC_ConfigChannel
 .text.ADC_ConversionStop_Disable
                0x0000000008002888       0x82 ./Drivers/STM32F1xx_HAL_Driver/Src/stm32f1xx_hal_adc.o
                0x0000000008002888                ADC_ConversionStop_Disable
 *fill*         0x000000000800290a        0x2 
 .text.__NVIC_SetPriorityGrouping
                0x000000000800290c       0x48 ./Drivers/STM32F1xx_HAL_Driver/Src/stm32f1xx_hal_cortex.o
 .text.__NVIC_GetPriorityGrouping
                0x0000000008002954       0x1c ./Drivers/STM32F1xx_HAL_Driver/Src/stm32f1xx_hal_cortex.o
 .text.__NVIC_EnableIRQ
                0x0000000008002970       0x38 ./Drivers/STM32F1xx_HAL_Driver/Src/stm32f1xx_hal_cortex.o
 .text.__NVIC_SetPriority
                0x00000000080029a8       0x54 ./Drivers/STM32F1xx_HAL_Driver/Src/stm32f1xx_hal_cortex.o
 .text.NVIC_EncodePriority
                0x00000000080029fc       0x64 ./Drivers/STM32F1xx_HAL_Driver/Src/stm32f1xx_hal_cortex.o
 .text.SysTick_Config
                0x0000000008002a60       0x44 ./Drivers/STM32F1xx_HAL_Driver/Src/stm32f1xx_hal_cortex.o
 .text.HAL_NVIC_SetPriorityGrouping
                0x0000000008002aa4       0x16 ./Drivers/STM32F1xx_HAL_Driver/Src/stm32f1xx_hal_cortex.o
                0x0000000008002aa4                HAL_NVIC_SetPriorityGrouping
 .text.HAL_NVIC_SetPriority
                0x0000000008002aba       0x38 ./Drivers/STM32F1xx_HAL_Driver/Src/stm32f1xx_hal_cortex.o
                0x0000000008002aba                HAL_NVIC_SetPriority
 .text.HAL_NVIC_EnableIRQ
                0x0000000008002af2       0x1c ./Drivers/STM32F1xx_HAL_Driver/Src/stm32f1xx_hal_cortex.o
                0x0000000008002af2                HAL_NVIC_EnableIRQ
 .text.HAL_SYSTICK_Config
                0x0000000008002b0e       0x18 ./Drivers/STM32F1xx_HAL_Driver/Src/stm32f1xx_hal_cortex.o
                0x0000000008002b0e                HAL_SYSTICK_Config
 .text.HAL_CRC_Init
                0x0000000008002b26       0x38 ./Drivers/STM32F1xx_HAL_Driver/Src/stm32f1xx_hal_crc.o
                0x0000000008002b26                HAL_CRC_Init
 .text.HAL_DMA_Abort
                0x0000000008002b5e       0x74 ./Drivers/STM32F1xx_HAL_Driver/Src/stm32f1xx_hal_dma.o
                0x0000000008002b5e                HAL_DMA_Abort
 *fill*         0x0000000008002bd2        0x2 
 .text.HAL_DMA_Abort_IT
                0x0000000008002bd4       0xec ./Drivers/STM32F1xx_HAL_Driver/Src/stm32f1xx_hal_dma.o
                0x0000000008002bd4                HAL_DMA_Abort_IT
 .text.HAL_GPIO_Init
                0x0000000008002cc0      0x308 ./Drivers/STM32F1xx_HAL_Driver/Src/stm32f1xx_hal_gpio.o
                0x0000000008002cc0                HAL_GPIO_Init
 .text.HAL_GPIO_ReadPin
                0x0000000008002fc8       0x2e ./Drivers/STM32F1xx_HAL_Driver/Src/stm32f1xx_hal_gpio.o
                0x0000000008002fc8                HAL_GPIO_ReadPin
 .text.HAL_GPIO_WritePin
                0x0000000008002ff6       0x30 ./Drivers/STM32F1xx_HAL_Driver/Src/stm32f1xx_hal_gpio.o
                0x0000000008002ff6                HAL_GPIO_WritePin
 *fill*         0x0000000008003026        0x2 
 .text.HAL_I2C_Init
                0x0000000008003028      0x288 ./Drivers/STM32F1xx_HAL_Driver/Src/stm32f1xx_hal_i2c.o
                0x0000000008003028                HAL_I2C_Init
 .text.HAL_RCC_OscConfig
                0x00000000080032b0      0x504 ./Drivers/STM32F1xx_HAL_Driver/Src/stm32f1xx_hal_rcc.o
                0x00000000080032b0                HAL_RCC_OscConfig
 .text.HAL_RCC_ClockConfig
                0x00000000080037b4      0x1d4 ./Drivers/STM32F1xx_HAL_Driver/Src/stm32f1xx_hal_rcc.o
                0x00000000080037b4                HAL_RCC_ClockConfig
 .text.HAL_RCC_GetSysClockFreq
                0x0000000008003988       0xbc ./Drivers/STM32F1xx_HAL_Driver/Src/stm32f1xx_hal_rcc.o
                0x0000000008003988                HAL_RCC_GetSysClockFreq
 .text.HAL_RCC_GetHCLKFreq
                0x0000000008003a44       0x14 ./Drivers/STM32F1xx_HAL_Driver/Src/stm32f1xx_hal_rcc.o
                0x0000000008003a44                HAL_RCC_GetHCLKFreq
 .text.HAL_RCC_GetPCLK1Freq
                0x0000000008003a58       0x28 ./Drivers/STM32F1xx_HAL_Driver/Src/stm32f1xx_hal_rcc.o
                0x0000000008003a58                HAL_RCC_GetPCLK1Freq
 .text.HAL_RCC_GetPCLK2Freq
                0x0000000008003a80       0x28 ./Drivers/STM32F1xx_HAL_Driver/Src/stm32f1xx_hal_rcc.o
                0x0000000008003a80                HAL_RCC_GetPCLK2Freq
 .text.RCC_Delay
                0x0000000008003aa8       0x3c ./Drivers/STM32F1xx_HAL_Driver/Src/stm32f1xx_hal_rcc.o
 .text.HAL_RCCEx_PeriphCLKConfig
                0x0000000008003ae4      0x16c ./Drivers/STM32F1xx_HAL_Driver/Src/stm32f1xx_hal_rcc_ex.o
                0x0000000008003ae4                HAL_RCCEx_PeriphCLKConfig
 .text.HAL_SPI_Init
                0x0000000008003c50      0x108 ./Drivers/STM32F1xx_HAL_Driver/Src/stm32f1xx_hal_spi.o
                0x0000000008003c50                HAL_SPI_Init
 .text.HAL_SPI_Transmit
                0x0000000008003d58      0x278 ./Drivers/STM32F1xx_HAL_Driver/Src/stm32f1xx_hal_spi.o
                0x0000000008003d58                HAL_SPI_Transmit
 .text.HAL_SPI_Receive
                0x0000000008003fd0      0x222 ./Drivers/STM32F1xx_HAL_Driver/Src/stm32f1xx_hal_spi.o
                0x0000000008003fd0                HAL_SPI_Receive
 .text.HAL_SPI_TransmitReceive
                0x00000000080041f2      0x344 ./Drivers/STM32F1xx_HAL_Driver/Src/stm32f1xx_hal_spi.o
                0x00000000080041f2                HAL_SPI_TransmitReceive
 *fill*         0x0000000008004536        0x2 
 .text.SPI_WaitFlagStateUntilTimeout
                0x0000000008004538      0x110 ./Drivers/STM32F1xx_HAL_Driver/Src/stm32f1xx_hal_spi.o
 .text.SPI_EndRxTransaction
                0x0000000008004648       0xa4 ./Drivers/STM32F1xx_HAL_Driver/Src/stm32f1xx_hal_spi.o
 .text.SPI_EndRxTxTransaction
                0x00000000080046ec       0x3c ./Drivers/STM32F1xx_HAL_Driver/Src/stm32f1xx_hal_spi.o
 .text.HAL_UART_Init
                0x0000000008004728       0x9a ./Drivers/STM32F1xx_HAL_Driver/Src/stm32f1xx_hal_uart.o
                0x0000000008004728                HAL_UART_Init
 .text.HAL_UART_Transmit
                0x00000000080047c2      0x124 ./Drivers/STM32F1xx_HAL_Driver/Src/stm32f1xx_hal_uart.o
                0x00000000080047c2                HAL_UART_Transmit
 .text.HAL_UART_Receive_IT
                0x00000000080048e6       0x60 ./Drivers/STM32F1xx_HAL_Driver/Src/stm32f1xx_hal_uart.o
                0x00000000080048e6                HAL_UART_Receive_IT
 *fill*         0x0000000008004946        0x2 
 .text.HAL_UART_IRQHandler
                0x0000000008004948      0x354 ./Drivers/STM32F1xx_HAL_Driver/Src/stm32f1xx_hal_uart.o
                0x0000000008004948                HAL_UART_IRQHandler
 .text.HAL_UART_TxCpltCallback
                0x0000000008004c9c       0x12 ./Drivers/STM32F1xx_HAL_Driver/Src/stm32f1xx_hal_uart.o
                0x0000000008004c9c                HAL_UART_TxCpltCallback
 .text.HAL_UART_ErrorCallback
                0x0000000008004cae       0x12 ./Drivers/STM32F1xx_HAL_Driver/Src/stm32f1xx_hal_uart.o
                0x0000000008004cae                HAL_UART_ErrorCallback
 .text.HAL_UARTEx_RxEventCallback
                0x0000000008004cc0       0x16 ./Drivers/STM32F1xx_HAL_Driver/Src/stm32f1xx_hal_uart.o
                0x0000000008004cc0                HAL_UARTEx_RxEventCallback
 .text.UART_WaitOnFlagUntilTimeout
                0x0000000008004cd6       0x94 ./Drivers/STM32F1xx_HAL_Driver/Src/stm32f1xx_hal_uart.o
 .text.UART_Start_Receive_IT
                0x0000000008004d6a       0x72 ./Drivers/STM32F1xx_HAL_Driver/Src/stm32f1xx_hal_uart.o
                0x0000000008004d6a                UART_Start_Receive_IT
 .text.UART_EndRxTransfer
                0x0000000008004ddc       0x58 ./Drivers/STM32F1xx_HAL_Driver/Src/stm32f1xx_hal_uart.o
 .text.UART_DMAAbortOnError
                0x0000000008004e34       0x28 ./Drivers/STM32F1xx_HAL_Driver/Src/stm32f1xx_hal_uart.o
 .text.UART_Transmit_IT
                0x0000000008004e5c       0x9e ./Drivers/STM32F1xx_HAL_Driver/Src/stm32f1xx_hal_uart.o
 .text.UART_EndTransmit_IT
                0x0000000008004efa       0x30 ./Drivers/STM32F1xx_HAL_Driver/Src/stm32f1xx_hal_uart.o
 .text.UART_Receive_IT
                0x0000000008004f2a      0x152 ./Drivers/STM32F1xx_HAL_Driver/Src/stm32f1xx_hal_uart.o
 .text.UART_SetConfig
                0x000000000800507c      0x11c ./Drivers/STM32F1xx_HAL_Driver/Src/stm32f1xx_hal_uart.o
 .text.__errno  0x0000000008005198        0xc c:/st/stm32cubeide_1.11.0/stm32cubeide/plugins/com.st.stm32cube.ide.mcu.externaltools.gnu-tools-for-stm32.10.3-2021.10.win32_1.0.100.202210260954/tools/bin/../lib/gcc/arm-none-eabi/10.3.1/../../../../arm-none-eabi/lib/thumb/v7-m/nofp\libc_nano.a(lib_a-errno.o)
                0x0000000008005198                __errno
 .text.__libc_init_array
                0x00000000080051a4       0x48 c:/st/stm32cubeide_1.11.0/stm32cubeide/plugins/com.st.stm32cube.ide.mcu.externaltools.gnu-tools-for-stm32.10.3-2021.10.win32_1.0.100.202210260954/tools/bin/../lib/gcc/arm-none-eabi/10.3.1/../../../../arm-none-eabi/lib/thumb/v7-m/nofp\libc_nano.a(lib_a-init.o)
                0x00000000080051a4                __libc_init_array
 .text.memset   0x00000000080051ec       0x10 c:/st/stm32cubeide_1.11.0/stm32cubeide/plugins/com.st.stm32cube.ide.mcu.externaltools.gnu-tools-for-stm32.10.3-2021.10.win32_1.0.100.202210260954/tools/bin/../lib/gcc/arm-none-eabi/10.3.1/../../../../arm-none-eabi/lib/thumb/v7-m/nofp\libc_nano.a(lib_a-memset.o)
                0x00000000080051ec                memset
 .text.sprintf  0x00000000080051fc       0x40 c:/st/stm32cubeide_1.11.0/stm32cubeide/plugins/com.st.stm32cube.ide.mcu.externaltools.gnu-tools-for-stm32.10.3-2021.10.win32_1.0.100.202210260954/tools/bin/../lib/gcc/arm-none-eabi/10.3.1/../../../../arm-none-eabi/lib/thumb/v7-m/nofp\libc_nano.a(lib_a-sprintf.o)
                0x00000000080051fc                siprintf
                0x00000000080051fc                sprintf
 .text.__retarget_lock_acquire_recursive
                0x000000000800523c        0x2 c:/st/stm32cubeide_1.11.0/stm32cubeide/plugins/com.st.stm32cube.ide.mcu.externaltools.gnu-tools-for-stm32.10.3-2021.10.win32_1.0.100.202210260954/tools/bin/../lib/gcc/arm-none-eabi/10.3.1/../../../../arm-none-eabi/lib/thumb/v7-m/nofp\libc_nano.a(lib_a-lock.o)
                0x000000000800523c                __retarget_lock_acquire_recursive
 .text.__retarget_lock_release_recursive
                0x000000000800523e        0x2 c:/st/stm32cubeide_1.11.0/stm32cubeide/plugins/com.st.stm32cube.ide.mcu.externaltools.gnu-tools-for-stm32.10.3-2021.10.win32_1.0.100.202210260954/tools/bin/../lib/gcc/arm-none-eabi/10.3.1/../../../../arm-none-eabi/lib/thumb/v7-m/nofp\libc_nano.a(lib_a-lock.o)
                0x000000000800523e                __retarget_lock_release_recursive
 .text.sbrk_aligned
                0x0000000008005240       0x40 c:/st/stm32cubeide_1.11.0/stm32cubeide/plugins/com.st.stm32cube.ide.mcu.externaltools.gnu-tools-for-stm32.10.3-2021.10.win32_1.0.100.202210260954/tools/bin/../lib/gcc/arm-none-eabi/10.3.1/../../../../arm-none-eabi/lib/thumb/v7-m/nofp\libc_nano.a(lib_a-nano-mallocr.o)
 .text._malloc_r
                0x0000000008005280       0xe8 c:/st/stm32cubeide_1.11.0/stm32cubeide/plugins/com.st.stm32cube.ide.mcu.externaltools.gnu-tools-for-stm32.10.3-2021.10.win32_1.0.100.202210260954/tools/bin/../lib/gcc/arm-none-eabi/10.3.1/../../../../arm-none-eabi/lib/thumb/v7-m/nofp\libc_nano.a(lib_a-nano-mallocr.o)
                0x0000000008005280                _malloc_r
 .text.__ssputs_r
                0x0000000008005368       0xb6 c:/st/stm32cubeide_1.11.0/stm32cubeide/plugins/com.st.stm32cube.ide.mcu.externaltools.gnu-tools-for-stm32.10.3-2021.10.win32_1.0.100.202210260954/tools/bin/../lib/gcc/arm-none-eabi/10.3.1/../../../../arm-none-eabi/lib/thumb/v7-m/nofp\libc_nano.a(lib_a-nano-svfprintf.o)
                0x0000000008005368                __ssputs_r
 *fill*         0x000000000800541e        0x2 
 .text._svfprintf_r
                0x0000000008005420      0x200 c:/st/stm32cubeide_1.11.0/stm32cubeide/plugins/com.st.stm32cube.ide.mcu.externaltools.gnu-tools-for-stm32.10.3-2021.10.win32_1.0.100.202210260954/tools/bin/../lib/gcc/arm-none-eabi/10.3.1/../../../../arm-none-eabi/lib/thumb/v7-m/nofp\libc_nano.a(lib_a-nano-svfprintf.o)
                0x0000000008005420                _svfiprintf_r
                0x0000000008005420                _svfprintf_r
 .text._printf_common
                0x0000000008005620       0xde c:/st/stm32cubeide_1.11.0/stm32cubeide/plugins/com.st.stm32cube.ide.mcu.externaltools.gnu-tools-for-stm32.10.3-2021.10.win32_1.0.100.202210260954/tools/bin/../lib/gcc/arm-none-eabi/10.3.1/../../../../arm-none-eabi/lib/thumb/v7-m/nofp\libc_nano.a(lib_a-nano-vfprintf_i.o)
                0x0000000008005620                _printf_common
 *fill*         0x00000000080056fe        0x2 
 .text._printf_i
                0x0000000008005700      0x24c c:/st/stm32cubeide_1.11.0/stm32cubeide/plugins/com.st.stm32cube.ide.mcu.externaltools.gnu-tools-for-stm32.10.3-2021.10.win32_1.0.100.202210260954/tools/bin/../lib/gcc/arm-none-eabi/10.3.1/../../../../arm-none-eabi/lib/thumb/v7-m/nofp\libc_nano.a(lib_a-nano-vfprintf_i.o)
                0x0000000008005700                _printf_i
 .text._sbrk_r  0x000000000800594c       0x20 c:/st/stm32cubeide_1.11.0/stm32cubeide/plugins/com.st.stm32cube.ide.mcu.externaltools.gnu-tools-for-stm32.10.3-2021.10.win32_1.0.100.202210260954/tools/bin/../lib/gcc/arm-none-eabi/10.3.1/../../../../arm-none-eabi/lib/thumb/v7-m/nofp\libc_nano.a(lib_a-sbrkr.o)
                0x000000000800594c                _sbrk_r
 .text.memchr   0x000000000800596c       0x1c c:/st/stm32cubeide_1.11.0/stm32cubeide/plugins/com.st.stm32cube.ide.mcu.externaltools.gnu-tools-for-stm32.10.3-2021.10.win32_1.0.100.202210260954/tools/bin/../lib/gcc/arm-none-eabi/10.3.1/../../../../arm-none-eabi/lib/thumb/v7-m/nofp\libc_nano.a(lib_a-memchr-stub.o)
                0x000000000800596c                memchr
 .text.memcpy   0x0000000008005988       0x1c c:/st/stm32cubeide_1.11.0/stm32cubeide/plugins/com.st.stm32cube.ide.mcu.externaltools.gnu-tools-for-stm32.10.3-2021.10.win32_1.0.100.202210260954/tools/bin/../lib/gcc/arm-none-eabi/10.3.1/../../../../arm-none-eabi/lib/thumb/v7-m/nofp\libc_nano.a(lib_a-memcpy-stub.o)
                0x0000000008005988                memcpy
 .text.memmove  0x00000000080059a4       0x34 c:/st/stm32cubeide_1.11.0/stm32cubeide/plugins/com.st.stm32cube.ide.mcu.externaltools.gnu-tools-for-stm32.10.3-2021.10.win32_1.0.100.202210260954/tools/bin/../lib/gcc/arm-none-eabi/10.3.1/../../../../arm-none-eabi/lib/thumb/v7-m/nofp\libc_nano.a(lib_a-memmove.o)
                0x00000000080059a4                memmove
 .text.__malloc_lock
                0x00000000080059d8        0xc c:/st/stm32cubeide_1.11.0/stm32cubeide/plugins/com.st.stm32cube.ide.mcu.externaltools.gnu-tools-for-stm32.10.3-2021.10.win32_1.0.100.202210260954/tools/bin/../lib/gcc/arm-none-eabi/10.3.1/../../../../arm-none-eabi/lib/thumb/v7-m/nofp\libc_nano.a(lib_a-mlock.o)
                0x00000000080059d8                __malloc_lock
 .text.__malloc_unlock
                0x00000000080059e4        0xc c:/st/stm32cubeide_1.11.0/stm32cubeide/plugins/com.st.stm32cube.ide.mcu.externaltools.gnu-tools-for-stm32.10.3-2021.10.win32_1.0.100.202210260954/tools/bin/../lib/gcc/arm-none-eabi/10.3.1/../../../../arm-none-eabi/lib/thumb/v7-m/nofp\libc_nano.a(lib_a-mlock.o)
                0x00000000080059e4                __malloc_unlock
 .text._free_r  0x00000000080059f0       0x90 c:/st/stm32cubeide_1.11.0/stm32cubeide/plugins/com.st.stm32cube.ide.mcu.externaltools.gnu-tools-for-stm32.10.3-2021.10.win32_1.0.100.202210260954/tools/bin/../lib/gcc/arm-none-eabi/10.3.1/../../../../arm-none-eabi/lib/thumb/v7-m/nofp\libc_nano.a(lib_a-nano-freer.o)
                0x00000000080059f0                _free_r
 .text._realloc_r
                0x0000000008005a80       0x5e c:/st/stm32cubeide_1.11.0/stm32cubeide/plugins/com.st.stm32cube.ide.mcu.externaltools.gnu-tools-for-stm32.10.3-2021.10.win32_1.0.100.202210260954/tools/bin/../lib/gcc/arm-none-eabi/10.3.1/../../../../arm-none-eabi/lib/thumb/v7-m/nofp\libc_nano.a(lib_a-nano-reallocr.o)
                0x0000000008005a80                _realloc_r
 .text._malloc_usable_size_r
                0x0000000008005ade       0x10 c:/st/stm32cubeide_1.11.0/stm32cubeide/plugins/com.st.stm32cube.ide.mcu.externaltools.gnu-tools-for-stm32.10.3-2021.10.win32_1.0.100.202210260954/tools/bin/../lib/gcc/arm-none-eabi/10.3.1/../../../../arm-none-eabi/lib/thumb/v7-m/nofp\libc_nano.a(lib_a-nano-msizer.o)
                0x0000000008005ade                _malloc_usable_size_r
 *(.glue_7)
 .glue_7        0x0000000008005aee        0x0 linker stubs
 *(.glue_7t)
 .glue_7t       0x0000000008005aee        0x0 linker stubs
 *(.eh_frame)
 *fill*         0x0000000008005aee        0x2 
 .eh_frame      0x0000000008005af0        0x0 c:/st/stm32cubeide_1.11.0/stm32cubeide/plugins/com.st.stm32cube.ide.mcu.externaltools.gnu-tools-for-stm32.10.3-2021.10.win32_1.0.100.202210260954/tools/bin/../lib/gcc/arm-none-eabi/10.3.1/thumb/v7-m/nofp/crtbegin.o
 *(.init)
 .init          0x0000000008005af0        0x4 c:/st/stm32cubeide_1.11.0/stm32cubeide/plugins/com.st.stm32cube.ide.mcu.externaltools.gnu-tools-for-stm32.10.3-2021.10.win32_1.0.100.202210260954/tools/bin/../lib/gcc/arm-none-eabi/10.3.1/thumb/v7-m/nofp/crti.o
                0x0000000008005af0                _init
 .init          0x0000000008005af4        0x8 c:/st/stm32cubeide_1.11.0/stm32cubeide/plugins/com.st.stm32cube.ide.mcu.externaltools.gnu-tools-for-stm32.10.3-2021.10.win32_1.0.100.202210260954/tools/bin/../lib/gcc/arm-none-eabi/10.3.1/thumb/v7-m/nofp/crtn.o
 *(.fini)
 .fini          0x0000000008005afc        0x4 c:/st/stm32cubeide_1.11.0/stm32cubeide/plugins/com.st.stm32cube.ide.mcu.externaltools.gnu-tools-for-stm32.10.3-2021.10.win32_1.0.100.202210260954/tools/bin/../lib/gcc/arm-none-eabi/10.3.1/thumb/v7-m/nofp/crti.o
                0x0000000008005afc                _fini
 .fini          0x0000000008005b00        0x8 c:/st/stm32cubeide_1.11.0/stm32cubeide/plugins/com.st.stm32cube.ide.mcu.externaltools.gnu-tools-for-stm32.10.3-2021.10.win32_1.0.100.202210260954/tools/bin/../lib/gcc/arm-none-eabi/10.3.1/thumb/v7-m/nofp/crtn.o
                0x0000000008005b08                . = ALIGN (0x4)
                0x0000000008005b08                _etext = .

.vfp11_veneer   0x0000000008005b08        0x0
 .vfp11_veneer  0x0000000008005b08        0x0 linker stubs

.v4_bx          0x0000000008005b08        0x0
 .v4_bx         0x0000000008005b08        0x0 linker stubs

.iplt           0x0000000008005b08        0x0
 .iplt          0x0000000008005b08        0x0 c:/st/stm32cubeide_1.11.0/stm32cubeide/plugins/com.st.stm32cube.ide.mcu.externaltools.gnu-tools-for-stm32.10.3-2021.10.win32_1.0.100.202210260954/tools/bin/../lib/gcc/arm-none-eabi/10.3.1/thumb/v7-m/nofp/crtbegin.o

.rodata         0x0000000008005b08      0x258
                0x0000000008005b08                . = ALIGN (0x4)
 *(.rodata)
 .rodata        0x0000000008005b08      0x116 ./Core/Src/main.o
 *fill*         0x0000000008005c1e        0x2 
 .rodata        0x0000000008005c20       0x77 ./Core/Src/rs485.o
 *fill*         0x0000000008005c97        0x1 
 .rodata        0x0000000008005c98        0xb ./Core/Src/uart1.o
 *fill*         0x0000000008005ca3        0x1 
 .rodata        0x0000000008005ca4       0x10 ./Drivers/STM32F1xx_HAL_Driver/Src/stm32f1xx_hal_rcc.o
 *(.rodata*)
 .rodata.AHBPrescTable
                0x0000000008005cb4       0x10 ./Core/Src/system_stm32f1xx.o
                0x0000000008005cb4                AHBPrescTable
 .rodata.APBPrescTable
                0x0000000008005cc4        0x8 ./Core/Src/system_stm32f1xx.o
                0x0000000008005cc4                APBPrescTable
 .rodata.__sf_fake_stderr
                0x0000000008005ccc       0x20 c:/st/stm32cubeide_1.11.0/stm32cubeide/plugins/com.st.stm32cube.ide.mcu.externaltools.gnu-tools-for-stm32.10.3-2021.10.win32_1.0.100.202210260954/tools/bin/../lib/gcc/arm-none-eabi/10.3.1/../../../../arm-none-eabi/lib/thumb/v7-m/nofp\libc_nano.a(lib_a-findfp.o)
                0x0000000008005ccc                __sf_fake_stderr
 .rodata.__sf_fake_stdin
                0x0000000008005cec       0x20 c:/st/stm32cubeide_1.11.0/stm32cubeide/plugins/com.st.stm32cube.ide.mcu.externaltools.gnu-tools-for-stm32.10.3-2021.10.win32_1.0.100.202210260954/tools/bin/../lib/gcc/arm-none-eabi/10.3.1/../../../../arm-none-eabi/lib/thumb/v7-m/nofp\libc_nano.a(lib_a-findfp.o)
                0x0000000008005cec                __sf_fake_stdin
 .rodata.__sf_fake_stdout
                0x0000000008005d0c       0x20 c:/st/stm32cubeide_1.11.0/stm32cubeide/plugins/com.st.stm32cube.ide.mcu.externaltools.gnu-tools-for-stm32.10.3-2021.10.win32_1.0.100.202210260954/tools/bin/../lib/gcc/arm-none-eabi/10.3.1/../../../../arm-none-eabi/lib/thumb/v7-m/nofp\libc_nano.a(lib_a-findfp.o)
                0x0000000008005d0c                __sf_fake_stdout
 .rodata._svfprintf_r.str1.1
                0x0000000008005d2c       0x11 c:/st/stm32cubeide_1.11.0/stm32cubeide/plugins/com.st.stm32cube.ide.mcu.externaltools.gnu-tools-for-stm32.10.3-2021.10.win32_1.0.100.202210260954/tools/bin/../lib/gcc/arm-none-eabi/10.3.1/../../../../arm-none-eabi/lib/thumb/v7-m/nofp\libc_nano.a(lib_a-nano-svfprintf.o)
 .rodata._printf_i.str1.1
                0x0000000008005d3d       0x22 c:/st/stm32cubeide_1.11.0/stm32cubeide/plugins/com.st.stm32cube.ide.mcu.externaltools.gnu-tools-for-stm32.10.3-2021.10.win32_1.0.100.202210260954/tools/bin/../lib/gcc/arm-none-eabi/10.3.1/../../../../arm-none-eabi/lib/thumb/v7-m/nofp\libc_nano.a(lib_a-nano-vfprintf_i.o)
                0x0000000008005d60                . = ALIGN (0x4)
 *fill*         0x0000000008005d5f        0x1 

.ARM.extab      0x0000000008005d60        0x0
                0x0000000008005d60                . = ALIGN (0x4)
 *(.ARM.extab* .gnu.linkonce.armextab.*)
                0x0000000008005d60                . = ALIGN (0x4)

.ARM            0x0000000008005d60        0x8
                0x0000000008005d60                . = ALIGN (0x4)
                0x0000000008005d60                __exidx_start = .
 *(.ARM.exidx*)
 .ARM.exidx     0x0000000008005d60        0x8 c:/st/stm32cubeide_1.11.0/stm32cubeide/plugins/com.st.stm32cube.ide.mcu.externaltools.gnu-tools-for-stm32.10.3-2021.10.win32_1.0.100.202210260954/tools/bin/../lib/gcc/arm-none-eabi/10.3.1/thumb/v7-m/nofp\libgcc.a(_udivmoddi4.o)
                0x0000000008005d68                __exidx_end = .
                0x0000000008005d68                . = ALIGN (0x4)

.rel.dyn        0x0000000008005d68        0x0
 .rel.iplt      0x0000000008005d68        0x0 c:/st/stm32cubeide_1.11.0/stm32cubeide/plugins/com.st.stm32cube.ide.mcu.externaltools.gnu-tools-for-stm32.10.3-2021.10.win32_1.0.100.202210260954/tools/bin/../lib/gcc/arm-none-eabi/10.3.1/thumb/v7-m/nofp/crtbegin.o

.preinit_array  0x0000000008005d68        0x0
                0x0000000008005d68                . = ALIGN (0x4)
                0x0000000008005d68                PROVIDE (__preinit_array_start = .)
 *(.preinit_array*)
                0x0000000008005d68                PROVIDE (__preinit_array_end = .)
                0x0000000008005d68                . = ALIGN (0x4)

.init_array     0x0000000008005d68        0x4
                0x0000000008005d68                . = ALIGN (0x4)
                0x0000000008005d68                PROVIDE (__init_array_start = .)
 *(SORT_BY_NAME(.init_array.*))
 *(.init_array*)
 .init_array    0x0000000008005d68        0x4 c:/st/stm32cubeide_1.11.0/stm32cubeide/plugins/com.st.stm32cube.ide.mcu.externaltools.gnu-tools-for-stm32.10.3-2021.10.win32_1.0.100.202210260954/tools/bin/../lib/gcc/arm-none-eabi/10.3.1/thumb/v7-m/nofp/crtbegin.o
                0x0000000008005d6c                PROVIDE (__init_array_end = .)
                0x0000000008005d6c                . = ALIGN (0x4)

.fini_array     0x0000000008005d6c        0x4
                0x0000000008005d6c                . = ALIGN (0x4)
                [!provide]                        PROVIDE (__fini_array_start = .)
 *(SORT_BY_NAME(.fini_array.*))
 *(.fini_array*)
 .fini_array    0x0000000008005d6c        0x4 c:/st/stm32cubeide_1.11.0/stm32cubeide/plugins/com.st.stm32cube.ide.mcu.externaltools.gnu-tools-for-stm32.10.3-2021.10.win32_1.0.100.202210260954/tools/bin/../lib/gcc/arm-none-eabi/10.3.1/thumb/v7-m/nofp/crtbegin.o
                [!provide]                        PROVIDE (__fini_array_end = .)
                0x0000000008005d70                . = ALIGN (0x4)
                0x0000000008005d70                _sidata = LOADADDR (.data)

.data           0x0000000020000000       0x70 load address 0x0000000008005d70
                0x0000000020000000                . = ALIGN (0x4)
                0x0000000020000000                _sdata = .
 *(.data)
 *(.data*)
 .data.SystemCoreClock
                0x0000000020000000        0x4 ./Core/Src/system_stm32f1xx.o
                0x0000000020000000                SystemCoreClock
 .data.uwTickPrio
                0x0000000020000004        0x4 ./Drivers/STM32F1xx_HAL_Driver/Src/stm32f1xx_hal.o
                0x0000000020000004                uwTickPrio
 .data.uwTickFreq
                0x0000000020000008        0x1 ./Drivers/STM32F1xx_HAL_Driver/Src/stm32f1xx_hal.o
                0x0000000020000008                uwTickFreq
 *fill*         0x0000000020000009        0x3 
 .data._impure_ptr
                0x000000002000000c        0x4 c:/st/stm32cubeide_1.11.0/stm32cubeide/plugins/com.st.stm32cube.ide.mcu.externaltools.gnu-tools-for-stm32.10.3-2021.10.win32_1.0.100.202210260954/tools/bin/../lib/gcc/arm-none-eabi/10.3.1/../../../../arm-none-eabi/lib/thumb/v7-m/nofp\libc_nano.a(lib_a-impure.o)
                0x000000002000000c                _impure_ptr
 .data.impure_data
                0x0000000020000010       0x60 c:/st/stm32cubeide_1.11.0/stm32cubeide/plugins/com.st.stm32cube.ide.mcu.externaltools.gnu-tools-for-stm32.10.3-2021.10.win32_1.0.100.202210260954/tools/bin/../lib/gcc/arm-none-eabi/10.3.1/../../../../arm-none-eabi/lib/thumb/v7-m/nofp\libc_nano.a(lib_a-impure.o)
 *(.RamFunc)
 *(.RamFunc*)
                0x0000000020000070                . = ALIGN (0x4)
                0x0000000020000070                _edata = .

.igot.plt       0x0000000020000070        0x0 load address 0x0000000008005de0
 .igot.plt      0x0000000020000070        0x0 c:/st/stm32cubeide_1.11.0/stm32cubeide/plugins/com.st.stm32cube.ide.mcu.externaltools.gnu-tools-for-stm32.10.3-2021.10.win32_1.0.100.202210260954/tools/bin/../lib/gcc/arm-none-eabi/10.3.1/thumb/v7-m/nofp/crtbegin.o
                0x0000000020000070                . = ALIGN (0x4)

.bss            0x0000000020000070      0x200 load address 0x0000000008005de0
                0x0000000020000070                _sbss = .
                0x0000000020000070                __bss_start__ = _sbss
 *(.bss)
 .bss           0x0000000020000070       0x1c c:/st/stm32cubeide_1.11.0/stm32cubeide/plugins/com.st.stm32cube.ide.mcu.externaltools.gnu-tools-for-stm32.10.3-2021.10.win32_1.0.100.202210260954/tools/bin/../lib/gcc/arm-none-eabi/10.3.1/thumb/v7-m/nofp/crtbegin.o
 *(.bss*)
 .bss.hadc1     0x000000002000008c       0x30 ./Core/Src/main.o
                0x000000002000008c                hadc1
 .bss.hcrc      0x00000000200000bc        0x8 ./Core/Src/main.o
                0x00000000200000bc                hcrc
 .bss.hi2c1     0x00000000200000c4       0x54 ./Core/Src/main.o
                0x00000000200000c4                hi2c1
 .bss.hspi1     0x0000000020000118       0x58 ./Core/Src/main.o
                0x0000000020000118                hspi1
 .bss.huart1    0x0000000020000170       0x44 ./Core/Src/main.o
                0x0000000020000170                huart1
 .bss.huart2    0x00000000200001b4       0x44 ./Core/Src/main.o
                0x00000000200001b4                huart2
 .bss.huart3    0x00000000200001f8       0x44 ./Core/Src/main.o
                0x00000000200001f8                huart3
 .bss.uart1_ptr
                0x000000002000023c        0x4 ./Core/Src/main.o
                0x000000002000023c                uart1_ptr
 .bss.rs485_ptr
                0x0000000020000240        0x4 ./Core/Src/main.o
                0x0000000020000240                rs485_ptr
 .bss.uhf_ptr   0x0000000020000244        0x4 ./Core/Src/main.o
                0x0000000020000244                uhf_ptr
 .bss.rxData    0x0000000020000248        0x1 ./Core/Src/main.o
                0x0000000020000248                rxData
 *fill*         0x0000000020000249        0x3 
 .bss.lora_ptr  0x000000002000024c        0x4 ./Core/Src/main.o
                0x000000002000024c                lora_ptr
 .bss.messageCounter
                0x0000000020000250        0x4 ./Core/Src/main.o
                0x0000000020000250                messageCounter
 .bss.TX_MODE   0x0000000020000254        0x1 ./Core/Src/main.o
                0x0000000020000254                TX_MODE
 .bss.RX_MODE   0x0000000020000255        0x1 ./Core/Src/main.o
                0x0000000020000255                RX_MODE
 *fill*         0x0000000020000256        0x2 
 .bss.__sbrk_heap_end
                0x0000000020000258        0x4 ./Core/Src/sysmem.o
 .bss.uwTick    0x000000002000025c        0x4 ./Drivers/STM32F1xx_HAL_Driver/Src/stm32f1xx_hal.o
                0x000000002000025c                uwTick
 .bss.__lock___malloc_recursive_mutex
                0x0000000020000260        0x1 c:/st/stm32cubeide_1.11.0/stm32cubeide/plugins/com.st.stm32cube.ide.mcu.externaltools.gnu-tools-for-stm32.10.3-2021.10.win32_1.0.100.202210260954/tools/bin/../lib/gcc/arm-none-eabi/10.3.1/../../../../arm-none-eabi/lib/thumb/v7-m/nofp\libc_nano.a(lib_a-lock.o)
                0x0000000020000260                __lock___malloc_recursive_mutex
 *fill*         0x0000000020000261        0x3 
 .bss.__malloc_free_list
                0x0000000020000264        0x4 c:/st/stm32cubeide_1.11.0/stm32cubeide/plugins/com.st.stm32cube.ide.mcu.externaltools.gnu-tools-for-stm32.10.3-2021.10.win32_1.0.100.202210260954/tools/bin/../lib/gcc/arm-none-eabi/10.3.1/../../../../arm-none-eabi/lib/thumb/v7-m/nofp\libc_nano.a(lib_a-nano-mallocr.o)
                0x0000000020000264                __malloc_free_list
 .bss.__malloc_sbrk_start
                0x0000000020000268        0x4 c:/st/stm32cubeide_1.11.0/stm32cubeide/plugins/com.st.stm32cube.ide.mcu.externaltools.gnu-tools-for-stm32.10.3-2021.10.win32_1.0.100.202210260954/tools/bin/../lib/gcc/arm-none-eabi/10.3.1/../../../../arm-none-eabi/lib/thumb/v7-m/nofp\libc_nano.a(lib_a-nano-mallocr.o)
                0x0000000020000268                __malloc_sbrk_start
 .bss.errno     0x000000002000026c        0x4 c:/st/stm32cubeide_1.11.0/stm32cubeide/plugins/com.st.stm32cube.ide.mcu.externaltools.gnu-tools-for-stm32.10.3-2021.10.win32_1.0.100.202210260954/tools/bin/../lib/gcc/arm-none-eabi/10.3.1/../../../../arm-none-eabi/lib/thumb/v7-m/nofp\libc_nano.a(lib_a-reent.o)
                0x000000002000026c                errno
 *(COMMON)
                0x0000000020000270                . = ALIGN (0x4)
                0x0000000020000270                _ebss = .
                0x0000000020000270                __bss_end__ = _ebss

._user_heap_stack
                0x0000000020000270      0x600 load address 0x0000000008005de0
                0x0000000020000270                . = ALIGN (0x8)
                [!provide]                        PROVIDE (end = .)
                0x0000000020000270                PROVIDE (_end = .)
                0x0000000020000470                . = (. + _Min_Heap_Size)
 *fill*         0x0000000020000270      0x200 
                0x0000000020000870                . = (. + _Min_Stack_Size)
 *fill*         0x0000000020000470      0x400 
                0x0000000020000870                . = ALIGN (0x8)

/DISCARD/
 libc.a(*)
 libm.a(*)
 libgcc.a(*)

.ARM.attributes
                0x0000000000000000       0x29
 *(.ARM.attributes)
 .ARM.attributes
                0x0000000000000000       0x1d c:/st/stm32cubeide_1.11.0/stm32cubeide/plugins/com.st.stm32cube.ide.mcu.externaltools.gnu-tools-for-stm32.10.3-2021.10.win32_1.0.100.202210260954/tools/bin/../lib/gcc/arm-none-eabi/10.3.1/thumb/v7-m/nofp/crti.o
 .ARM.attributes
                0x000000000000001d       0x2d c:/st/stm32cubeide_1.11.0/stm32cubeide/plugins/com.st.stm32cube.ide.mcu.externaltools.gnu-tools-for-stm32.10.3-2021.10.win32_1.0.100.202210260954/tools/bin/../lib/gcc/arm-none-eabi/10.3.1/thumb/v7-m/nofp/crtbegin.o
 .ARM.attributes
                0x000000000000004a       0x2d ./Core/Src/SX1278.o
 .ARM.attributes
                0x0000000000000077       0x2d ./Core/Src/SX1278_hw.o
 .ARM.attributes
                0x00000000000000a4       0x2d ./Core/Src/led.o
 .ARM.attributes
                0x00000000000000d1       0x2d ./Core/Src/main.o
 .ARM.attributes
                0x00000000000000fe       0x2d ./Core/Src/module.o
 .ARM.attributes
                0x000000000000012b       0x2d ./Core/Src/rs485.o
 .ARM.attributes
                0x0000000000000158       0x2d ./Core/Src/stm32f1xx_hal_msp.o
 .ARM.attributes
                0x0000000000000185       0x2d ./Core/Src/stm32f1xx_it.o
 .ARM.attributes
                0x00000000000001b2       0x2d ./Core/Src/sysmem.o
 .ARM.attributes
                0x00000000000001df       0x2d ./Core/Src/system_stm32f1xx.o
 .ARM.attributes
                0x000000000000020c       0x2d ./Core/Src/uart1.o
 .ARM.attributes
                0x0000000000000239       0x21 ./Core/Startup/startup_stm32f103c8tx.o
 .ARM.attributes
                0x000000000000025a       0x2d ./Drivers/STM32F1xx_HAL_Driver/Src/stm32f1xx_hal.o
 .ARM.attributes
                0x0000000000000287       0x2d ./Drivers/STM32F1xx_HAL_Driver/Src/stm32f1xx_hal_adc.o
 .ARM.attributes
                0x00000000000002b4       0x2d ./Drivers/STM32F1xx_HAL_Driver/Src/stm32f1xx_hal_cortex.o
 .ARM.attributes
                0x00000000000002e1       0x2d ./Drivers/STM32F1xx_HAL_Driver/Src/stm32f1xx_hal_crc.o
 .ARM.attributes
                0x000000000000030e       0x2d ./Drivers/STM32F1xx_HAL_Driver/Src/stm32f1xx_hal_dma.o
 .ARM.attributes
                0x000000000000033b       0x2d ./Drivers/STM32F1xx_HAL_Driver/Src/stm32f1xx_hal_gpio.o
 .ARM.attributes
                0x0000000000000368       0x2d ./Drivers/STM32F1xx_HAL_Driver/Src/stm32f1xx_hal_i2c.o
 .ARM.attributes
                0x0000000000000395       0x2d ./Drivers/STM32F1xx_HAL_Driver/Src/stm32f1xx_hal_rcc.o
 .ARM.attributes
                0x00000000000003c2       0x2d ./Drivers/STM32F1xx_HAL_Driver/Src/stm32f1xx_hal_rcc_ex.o
 .ARM.attributes
                0x00000000000003ef       0x2d ./Drivers/STM32F1xx_HAL_Driver/Src/stm32f1xx_hal_spi.o
 .ARM.attributes
                0x000000000000041c       0x2d ./Drivers/STM32F1xx_HAL_Driver/Src/stm32f1xx_hal_uart.o
 .ARM.attributes
                0x0000000000000449       0x2d c:/st/stm32cubeide_1.11.0/stm32cubeide/plugins/com.st.stm32cube.ide.mcu.externaltools.gnu-tools-for-stm32.10.3-2021.10.win32_1.0.100.202210260954/tools/bin/../lib/gcc/arm-none-eabi/10.3.1/../../../../arm-none-eabi/lib/thumb/v7-m/nofp\libc_nano.a(lib_a-errno.o)
 .ARM.attributes
                0x0000000000000476       0x2d c:/st/stm32cubeide_1.11.0/stm32cubeide/plugins/com.st.stm32cube.ide.mcu.externaltools.gnu-tools-for-stm32.10.3-2021.10.win32_1.0.100.202210260954/tools/bin/../lib/gcc/arm-none-eabi/10.3.1/../../../../arm-none-eabi/lib/thumb/v7-m/nofp\libc_nano.a(lib_a-impure.o)
 .ARM.attributes
                0x00000000000004a3       0x2d c:/st/stm32cubeide_1.11.0/stm32cubeide/plugins/com.st.stm32cube.ide.mcu.externaltools.gnu-tools-for-stm32.10.3-2021.10.win32_1.0.100.202210260954/tools/bin/../lib/gcc/arm-none-eabi/10.3.1/../../../../arm-none-eabi/lib/thumb/v7-m/nofp\libc_nano.a(lib_a-init.o)
 .ARM.attributes
                0x00000000000004d0       0x2d c:/st/stm32cubeide_1.11.0/stm32cubeide/plugins/com.st.stm32cube.ide.mcu.externaltools.gnu-tools-for-stm32.10.3-2021.10.win32_1.0.100.202210260954/tools/bin/../lib/gcc/arm-none-eabi/10.3.1/../../../../arm-none-eabi/lib/thumb/v7-m/nofp\libc_nano.a(lib_a-memset.o)
 .ARM.attributes
                0x00000000000004fd       0x2d c:/st/stm32cubeide_1.11.0/stm32cubeide/plugins/com.st.stm32cube.ide.mcu.externaltools.gnu-tools-for-stm32.10.3-2021.10.win32_1.0.100.202210260954/tools/bin/../lib/gcc/arm-none-eabi/10.3.1/../../../../arm-none-eabi/lib/thumb/v7-m/nofp\libc_nano.a(lib_a-sprintf.o)
 .ARM.attributes
                0x000000000000052a       0x17 c:/st/stm32cubeide_1.11.0/stm32cubeide/plugins/com.st.stm32cube.ide.mcu.externaltools.gnu-tools-for-stm32.10.3-2021.10.win32_1.0.100.202210260954/tools/bin/../lib/gcc/arm-none-eabi/10.3.1/../../../../arm-none-eabi/lib/thumb/v7-m/nofp\libc_nano.a(lib_a-strlen.o)
 .ARM.attributes
                0x0000000000000541       0x2d c:/st/stm32cubeide_1.11.0/stm32cubeide/plugins/com.st.stm32cube.ide.mcu.externaltools.gnu-tools-for-stm32.10.3-2021.10.win32_1.0.100.202210260954/tools/bin/../lib/gcc/arm-none-eabi/10.3.1/../../../../arm-none-eabi/lib/thumb/v7-m/nofp\libc_nano.a(lib_a-findfp.o)
 .ARM.attributes
                0x000000000000056e       0x2d c:/st/stm32cubeide_1.11.0/stm32cubeide/plugins/com.st.stm32cube.ide.mcu.externaltools.gnu-tools-for-stm32.10.3-2021.10.win32_1.0.100.202210260954/tools/bin/../lib/gcc/arm-none-eabi/10.3.1/../../../../arm-none-eabi/lib/thumb/v7-m/nofp\libc_nano.a(lib_a-lock.o)
 .ARM.attributes
                0x000000000000059b       0x2d c:/st/stm32cubeide_1.11.0/stm32cubeide/plugins/com.st.stm32cube.ide.mcu.externaltools.gnu-tools-for-stm32.10.3-2021.10.win32_1.0.100.202210260954/tools/bin/../lib/gcc/arm-none-eabi/10.3.1/../../../../arm-none-eabi/lib/thumb/v7-m/nofp\libc_nano.a(lib_a-nano-mallocr.o)
 .ARM.attributes
                0x00000000000005c8       0x2d c:/st/stm32cubeide_1.11.0/stm32cubeide/plugins/com.st.stm32cube.ide.mcu.externaltools.gnu-tools-for-stm32.10.3-2021.10.win32_1.0.100.202210260954/tools/bin/../lib/gcc/arm-none-eabi/10.3.1/../../../../arm-none-eabi/lib/thumb/v7-m/nofp\libc_nano.a(lib_a-nano-svfprintf.o)
 .ARM.attributes
                0x00000000000005f5       0x2d c:/st/stm32cubeide_1.11.0/stm32cubeide/plugins/com.st.stm32cube.ide.mcu.externaltools.gnu-tools-for-stm32.10.3-2021.10.win32_1.0.100.202210260954/tools/bin/../lib/gcc/arm-none-eabi/10.3.1/../../../../arm-none-eabi/lib/thumb/v7-m/nofp\libc_nano.a(lib_a-nano-vfprintf_i.o)
 .ARM.attributes
                0x0000000000000622       0x2d c:/st/stm32cubeide_1.11.0/stm32cubeide/plugins/com.st.stm32cube.ide.mcu.externaltools.gnu-tools-for-stm32.10.3-2021.10.win32_1.0.100.202210260954/tools/bin/../lib/gcc/arm-none-eabi/10.3.1/../../../../arm-none-eabi/lib/thumb/v7-m/nofp\libc_nano.a(lib_a-sbrkr.o)
 .ARM.attributes
                0x000000000000064f       0x2d c:/st/stm32cubeide_1.11.0/stm32cubeide/plugins/com.st.stm32cube.ide.mcu.externaltools.gnu-tools-for-stm32.10.3-2021.10.win32_1.0.100.202210260954/tools/bin/../lib/gcc/arm-none-eabi/10.3.1/../../../../arm-none-eabi/lib/thumb/v7-m/nofp\libc_nano.a(lib_a-memchr-stub.o)
 .ARM.attributes
                0x000000000000067c       0x2d c:/st/stm32cubeide_1.11.0/stm32cubeide/plugins/com.st.stm32cube.ide.mcu.externaltools.gnu-tools-for-stm32.10.3-2021.10.win32_1.0.100.202210260954/tools/bin/../lib/gcc/arm-none-eabi/10.3.1/../../../../arm-none-eabi/lib/thumb/v7-m/nofp\libc_nano.a(lib_a-memcpy-stub.o)
 .ARM.attributes
                0x00000000000006a9       0x2d c:/st/stm32cubeide_1.11.0/stm32cubeide/plugins/com.st.stm32cube.ide.mcu.externaltools.gnu-tools-for-stm32.10.3-2021.10.win32_1.0.100.202210260954/tools/bin/../lib/gcc/arm-none-eabi/10.3.1/../../../../arm-none-eabi/lib/thumb/v7-m/nofp\libc_nano.a(lib_a-memmove.o)
 .ARM.attributes
                0x00000000000006d6       0x2d c:/st/stm32cubeide_1.11.0/stm32cubeide/plugins/com.st.stm32cube.ide.mcu.externaltools.gnu-tools-for-stm32.10.3-2021.10.win32_1.0.100.202210260954/tools/bin/../lib/gcc/arm-none-eabi/10.3.1/../../../../arm-none-eabi/lib/thumb/v7-m/nofp\libc_nano.a(lib_a-mlock.o)
 .ARM.attributes
                0x0000000000000703       0x2d c:/st/stm32cubeide_1.11.0/stm32cubeide/plugins/com.st.stm32cube.ide.mcu.externaltools.gnu-tools-for-stm32.10.3-2021.10.win32_1.0.100.202210260954/tools/bin/../lib/gcc/arm-none-eabi/10.3.1/../../../../arm-none-eabi/lib/thumb/v7-m/nofp\libc_nano.a(lib_a-nano-freer.o)
 .ARM.attributes
                0x0000000000000730       0x2d c:/st/stm32cubeide_1.11.0/stm32cubeide/plugins/com.st.stm32cube.ide.mcu.externaltools.gnu-tools-for-stm32.10.3-2021.10.win32_1.0.100.202210260954/tools/bin/../lib/gcc/arm-none-eabi/10.3.1/../../../../arm-none-eabi/lib/thumb/v7-m/nofp\libc_nano.a(lib_a-nano-reallocr.o)
 .ARM.attributes
                0x000000000000075d       0x2d c:/st/stm32cubeide_1.11.0/stm32cubeide/plugins/com.st.stm32cube.ide.mcu.externaltools.gnu-tools-for-stm32.10.3-2021.10.win32_1.0.100.202210260954/tools/bin/../lib/gcc/arm-none-eabi/10.3.1/../../../../arm-none-eabi/lib/thumb/v7-m/nofp\libc_nano.a(lib_a-reent.o)
 .ARM.attributes
                0x000000000000078a       0x2d c:/st/stm32cubeide_1.11.0/stm32cubeide/plugins/com.st.stm32cube.ide.mcu.externaltools.gnu-tools-for-stm32.10.3-2021.10.win32_1.0.100.202210260954/tools/bin/../lib/gcc/arm-none-eabi/10.3.1/../../../../arm-none-eabi/lib/thumb/v7-m/nofp\libc_nano.a(lib_a-nano-msizer.o)
 .ARM.attributes
                0x00000000000007b7       0x1d c:/st/stm32cubeide_1.11.0/stm32cubeide/plugins/com.st.stm32cube.ide.mcu.externaltools.gnu-tools-for-stm32.10.3-2021.10.win32_1.0.100.202210260954/tools/bin/../lib/gcc/arm-none-eabi/10.3.1/thumb/v7-m/nofp\libgcc.a(_aeabi_uldivmod.o)
 .ARM.attributes
                0x00000000000007d4       0x2d c:/st/stm32cubeide_1.11.0/stm32cubeide/plugins/com.st.stm32cube.ide.mcu.externaltools.gnu-tools-for-stm32.10.3-2021.10.win32_1.0.100.202210260954/tools/bin/../lib/gcc/arm-none-eabi/10.3.1/thumb/v7-m/nofp\libgcc.a(_udivmoddi4.o)
 .ARM.attributes
                0x0000000000000801       0x1d c:/st/stm32cubeide_1.11.0/stm32cubeide/plugins/com.st.stm32cube.ide.mcu.externaltools.gnu-tools-for-stm32.10.3-2021.10.win32_1.0.100.202210260954/tools/bin/../lib/gcc/arm-none-eabi/10.3.1/thumb/v7-m/nofp\libgcc.a(_dvmd_tls.o)
 .ARM.attributes
                0x000000000000081e       0x1d c:/st/stm32cubeide_1.11.0/stm32cubeide/plugins/com.st.stm32cube.ide.mcu.externaltools.gnu-tools-for-stm32.10.3-2021.10.win32_1.0.100.202210260954/tools/bin/../lib/gcc/arm-none-eabi/10.3.1/thumb/v7-m/nofp/crtn.o
OUTPUT(rdss_server.elf elf32-littlearm)
LOAD linker stubs
LOAD c:/st/stm32cubeide_1.11.0/stm32cubeide/plugins/com.st.stm32cube.ide.mcu.externaltools.gnu-tools-for-stm32.10.3-2021.10.win32_1.0.100.202210260954/tools/bin/../lib/gcc/arm-none-eabi/10.3.1/../../../../arm-none-eabi/lib/thumb/v7-m/nofp\libc.a
LOAD c:/st/stm32cubeide_1.11.0/stm32cubeide/plugins/com.st.stm32cube.ide.mcu.externaltools.gnu-tools-for-stm32.10.3-2021.10.win32_1.0.100.202210260954/tools/bin/../lib/gcc/arm-none-eabi/10.3.1/../../../../arm-none-eabi/lib/thumb/v7-m/nofp\libm.a
LOAD c:/st/stm32cubeide_1.11.0/stm32cubeide/plugins/com.st.stm32cube.ide.mcu.externaltools.gnu-tools-for-stm32.10.3-2021.10.win32_1.0.100.202210260954/tools/bin/../lib/gcc/arm-none-eabi/10.3.1/thumb/v7-m/nofp\libgcc.a

.debug_info     0x0000000000000000    0x10f7a
 .debug_info    0x0000000000000000     0x142a ./Core/Src/SX1278.o
 .debug_info    0x000000000000142a      0x8bd ./Core/Src/SX1278_hw.o
 .debug_info    0x0000000000001ce7      0x28e ./Core/Src/led.o
 .debug_info    0x0000000000001f75     0x2b15 ./Core/Src/main.o
 .debug_info    0x0000000000004a8a      0x8b2 ./Core/Src/module.o
 .debug_info    0x000000000000533c      0x544 ./Core/Src/rs485.o
 .debug_info    0x0000000000005880     0x14a4 ./Core/Src/stm32f1xx_hal_msp.o
 .debug_info    0x0000000000006d24      0x60e ./Core/Src/stm32f1xx_it.o
 .debug_info    0x0000000000007332      0x171 ./Core/Src/sysmem.o
 .debug_info    0x00000000000074a3      0x23d ./Core/Src/system_stm32f1xx.o
 .debug_info    0x00000000000076e0      0x8ad ./Core/Src/uart1.o
 .debug_info    0x0000000000007f8d       0x22 ./Core/Startup/startup_stm32f103c8tx.o
 .debug_info    0x0000000000007faf      0x734 ./Drivers/STM32F1xx_HAL_Driver/Src/stm32f1xx_hal.o
 .debug_info    0x00000000000086e3      0xcd9 ./Drivers/STM32F1xx_HAL_Driver/Src/stm32f1xx_hal_adc.o
 .debug_info    0x00000000000093bc      0xb20 ./Drivers/STM32F1xx_HAL_Driver/Src/stm32f1xx_hal_cortex.o
 .debug_info    0x0000000000009edc      0x3a6 ./Drivers/STM32F1xx_HAL_Driver/Src/stm32f1xx_hal_crc.o
 .debug_info    0x000000000000a282      0x73f ./Drivers/STM32F1xx_HAL_Driver/Src/stm32f1xx_hal_dma.o
 .debug_info    0x000000000000a9c1      0x615 ./Drivers/STM32F1xx_HAL_Driver/Src/stm32f1xx_hal_gpio.o
 .debug_info    0x000000000000afd6     0x2734 ./Drivers/STM32F1xx_HAL_Driver/Src/stm32f1xx_hal_i2c.o
 .debug_info    0x000000000000d70a      0x860 ./Drivers/STM32F1xx_HAL_Driver/Src/stm32f1xx_hal_rcc.o
 .debug_info    0x000000000000df6a      0x3e0 ./Drivers/STM32F1xx_HAL_Driver/Src/stm32f1xx_hal_rcc_ex.o
 .debug_info    0x000000000000e34a     0x1658 ./Drivers/STM32F1xx_HAL_Driver/Src/stm32f1xx_hal_spi.o
 .debug_info    0x000000000000f9a2     0x15d8 ./Drivers/STM32F1xx_HAL_Driver/Src/stm32f1xx_hal_uart.o

.debug_abbrev   0x0000000000000000     0x2e94
 .debug_abbrev  0x0000000000000000      0x30c ./Core/Src/SX1278.o
 .debug_abbrev  0x000000000000030c      0x1e0 ./Core/Src/SX1278_hw.o
 .debug_abbrev  0x00000000000004ec      0x165 ./Core/Src/led.o
 .debug_abbrev  0x0000000000000651      0x427 ./Core/Src/main.o
 .debug_abbrev  0x0000000000000a78      0x242 ./Core/Src/module.o
 .debug_abbrev  0x0000000000000cba      0x224 ./Core/Src/rs485.o
 .debug_abbrev  0x0000000000000ede      0x20c ./Core/Src/stm32f1xx_hal_msp.o
 .debug_abbrev  0x00000000000010ea      0x15f ./Core/Src/stm32f1xx_it.o
 .debug_abbrev  0x0000000000001249       0xbb ./Core/Src/sysmem.o
 .debug_abbrev  0x0000000000001304      0x13b ./Core/Src/system_stm32f1xx.o
 .debug_abbrev  0x000000000000143f      0x25c ./Core/Src/uart1.o
 .debug_abbrev  0x000000000000169b       0x12 ./Core/Startup/startup_stm32f103c8tx.o
 .debug_abbrev  0x00000000000016ad      0x1fb ./Drivers/STM32F1xx_HAL_Driver/Src/stm32f1xx_hal.o
 .debug_abbrev  0x00000000000018a8      0x210 ./Drivers/STM32F1xx_HAL_Driver/Src/stm32f1xx_hal_adc.o
 .debug_abbrev  0x0000000000001ab8      0x2ed ./Drivers/STM32F1xx_HAL_Driver/Src/stm32f1xx_hal_cortex.o
 .debug_abbrev  0x0000000000001da5      0x19e ./Drivers/STM32F1xx_HAL_Driver/Src/stm32f1xx_hal_crc.o
 .debug_abbrev  0x0000000000001f43      0x1fe ./Drivers/STM32F1xx_HAL_Driver/Src/stm32f1xx_hal_dma.o
 .debug_abbrev  0x0000000000002141      0x1bb ./Drivers/STM32F1xx_HAL_Driver/Src/stm32f1xx_hal_gpio.o
 .debug_abbrev  0x00000000000022fc      0x288 ./Drivers/STM32F1xx_HAL_Driver/Src/stm32f1xx_hal_i2c.o
 .debug_abbrev  0x0000000000002584      0x2a8 ./Drivers/STM32F1xx_HAL_Driver/Src/stm32f1xx_hal_rcc.o
 .debug_abbrev  0x000000000000282c      0x182 ./Drivers/STM32F1xx_HAL_Driver/Src/stm32f1xx_hal_rcc_ex.o
 .debug_abbrev  0x00000000000029ae      0x26e ./Drivers/STM32F1xx_HAL_Driver/Src/stm32f1xx_hal_spi.o
 .debug_abbrev  0x0000000000002c1c      0x278 ./Drivers/STM32F1xx_HAL_Driver/Src/stm32f1xx_hal_uart.o

.debug_aranges  0x0000000000000000     0x1028
 .debug_aranges
                0x0000000000000000      0x100 ./Core/Src/SX1278.o
 .debug_aranges
                0x0000000000000100       0x48 ./Core/Src/SX1278_hw.o
 .debug_aranges
                0x0000000000000148       0x40 ./Core/Src/led.o
 .debug_aranges
                0x0000000000000188      0x120 ./Core/Src/main.o
 .debug_aranges
                0x00000000000002a8       0x48 ./Core/Src/module.o
 .debug_aranges
                0x00000000000002f0       0x48 ./Core/Src/rs485.o
 .debug_aranges
                0x0000000000000338       0x70 ./Core/Src/stm32f1xx_hal_msp.o
 .debug_aranges
                0x00000000000003a8       0x68 ./Core/Src/stm32f1xx_it.o
 .debug_aranges
                0x0000000000000410       0x20 ./Core/Src/sysmem.o
 .debug_aranges
                0x0000000000000430       0x28 ./Core/Src/system_stm32f1xx.o
 .debug_aranges
                0x0000000000000458       0x80 ./Core/Src/uart1.o
 .debug_aranges
                0x00000000000004d8       0x28 ./Core/Startup/startup_stm32f103c8tx.o
 .debug_aranges
                0x0000000000000500       0xe0 ./Drivers/STM32F1xx_HAL_Driver/Src/stm32f1xx_hal.o
 .debug_aranges
                0x00000000000005e0       0xf0 ./Drivers/STM32F1xx_HAL_Driver/Src/stm32f1xx_hal_adc.o
 .debug_aranges
                0x00000000000006d0      0x100 ./Drivers/STM32F1xx_HAL_Driver/Src/stm32f1xx_hal_cortex.o
 .debug_aranges
                0x00000000000007d0       0x50 ./Drivers/STM32F1xx_HAL_Driver/Src/stm32f1xx_hal_crc.o
 .debug_aranges
                0x0000000000000820       0x80 ./Drivers/STM32F1xx_HAL_Driver/Src/stm32f1xx_hal_dma.o
 .debug_aranges
                0x00000000000008a0       0x58 ./Drivers/STM32F1xx_HAL_Driver/Src/stm32f1xx_hal_gpio.o
 .debug_aranges
                0x00000000000008f8      0x2a0 ./Drivers/STM32F1xx_HAL_Driver/Src/stm32f1xx_hal_i2c.o
 .debug_aranges
                0x0000000000000b98       0x90 ./Drivers/STM32F1xx_HAL_Driver/Src/stm32f1xx_hal_rcc.o
 .debug_aranges
                0x0000000000000c28       0x30 ./Drivers/STM32F1xx_HAL_Driver/Src/stm32f1xx_hal_rcc_ex.o
 .debug_aranges
                0x0000000000000c58      0x1d0 ./Drivers/STM32F1xx_HAL_Driver/Src/stm32f1xx_hal_spi.o
 .debug_aranges
                0x0000000000000e28      0x200 ./Drivers/STM32F1xx_HAL_Driver/Src/stm32f1xx_hal_uart.o

.debug_ranges   0x0000000000000000      0xf18
 .debug_ranges  0x0000000000000000       0xf0 ./Core/Src/SX1278.o
 .debug_ranges  0x00000000000000f0       0x38 ./Core/Src/SX1278_hw.o
 .debug_ranges  0x0000000000000128       0x30 ./Core/Src/led.o
 .debug_ranges  0x0000000000000158      0x110 ./Core/Src/main.o
 .debug_ranges  0x0000000000000268       0x38 ./Core/Src/module.o
 .debug_ranges  0x00000000000002a0       0x38 ./Core/Src/rs485.o
 .debug_ranges  0x00000000000002d8       0x60 ./Core/Src/stm32f1xx_hal_msp.o
 .debug_ranges  0x0000000000000338       0x58 ./Core/Src/stm32f1xx_it.o
 .debug_ranges  0x0000000000000390       0x10 ./Core/Src/sysmem.o
 .debug_ranges  0x00000000000003a0       0x18 ./Core/Src/system_stm32f1xx.o
 .debug_ranges  0x00000000000003b8       0x70 ./Core/Src/uart1.o
 .debug_ranges  0x0000000000000428       0x20 ./Core/Startup/startup_stm32f103c8tx.o
 .debug_ranges  0x0000000000000448       0xd0 ./Drivers/STM32F1xx_HAL_Driver/Src/stm32f1xx_hal.o
 .debug_ranges  0x0000000000000518       0xe0 ./Drivers/STM32F1xx_HAL_Driver/Src/stm32f1xx_hal_adc.o
 .debug_ranges  0x00000000000005f8       0xf0 ./Drivers/STM32F1xx_HAL_Driver/Src/stm32f1xx_hal_cortex.o
 .debug_ranges  0x00000000000006e8       0x40 ./Drivers/STM32F1xx_HAL_Driver/Src/stm32f1xx_hal_crc.o
 .debug_ranges  0x0000000000000728       0x70 ./Drivers/STM32F1xx_HAL_Driver/Src/stm32f1xx_hal_dma.o
 .debug_ranges  0x0000000000000798       0x48 ./Drivers/STM32F1xx_HAL_Driver/Src/stm32f1xx_hal_gpio.o
 .debug_ranges  0x00000000000007e0      0x2b8 ./Drivers/STM32F1xx_HAL_Driver/Src/stm32f1xx_hal_i2c.o
 .debug_ranges  0x0000000000000a98       0x80 ./Drivers/STM32F1xx_HAL_Driver/Src/stm32f1xx_hal_rcc.o
 .debug_ranges  0x0000000000000b18       0x20 ./Drivers/STM32F1xx_HAL_Driver/Src/stm32f1xx_hal_rcc_ex.o
 .debug_ranges  0x0000000000000b38      0x1c0 ./Drivers/STM32F1xx_HAL_Driver/Src/stm32f1xx_hal_spi.o
 .debug_ranges  0x0000000000000cf8      0x220 ./Drivers/STM32F1xx_HAL_Driver/Src/stm32f1xx_hal_uart.o

.debug_macro    0x0000000000000000    0x19e95
 .debug_macro   0x0000000000000000      0x2bf ./Core/Src/SX1278.o
 .debug_macro   0x00000000000002bf      0xa6c ./Core/Src/SX1278.o
 .debug_macro   0x0000000000000d2b       0x22 ./Core/Src/SX1278.o
 .debug_macro   0x0000000000000d4d       0x8e ./Core/Src/SX1278.o
 .debug_macro   0x0000000000000ddb       0x51 ./Core/Src/SX1278.o
 .debug_macro   0x0000000000000e2c      0x103 ./Core/Src/SX1278.o
 .debug_macro   0x0000000000000f2f       0x6a ./Core/Src/SX1278.o
 .debug_macro   0x0000000000000f99      0x1df ./Core/Src/SX1278.o
 .debug_macro   0x0000000000001178       0x22 ./Core/Src/SX1278.o
 .debug_macro   0x000000000000119a       0x52 ./Core/Src/SX1278.o
 .debug_macro   0x00000000000011ec       0x18 ./Core/Src/SX1278.o
 .debug_macro   0x0000000000001204       0x3c ./Core/Src/SX1278.o
 .debug_macro   0x0000000000001240       0x34 ./Core/Src/SX1278.o
 .debug_macro   0x0000000000001274      0x174 ./Core/Src/SX1278.o
 .debug_macro   0x00000000000013e8       0x16 ./Core/Src/SX1278.o
 .debug_macro   0x00000000000013fe       0x43 ./Core/Src/SX1278.o
 .debug_macro   0x0000000000001441       0x34 ./Core/Src/SX1278.o
 .debug_macro   0x0000000000001475       0x10 ./Core/Src/SX1278.o
 .debug_macro   0x0000000000001485       0x58 ./Core/Src/SX1278.o
 .debug_macro   0x00000000000014dd       0x71 ./Core/Src/SX1278.o
 .debug_macro   0x000000000000154e       0x1c ./Core/Src/SX1278.o
 .debug_macro   0x000000000000156a      0x12a ./Core/Src/SX1278.o
 .debug_macro   0x0000000000001694      0x341 ./Core/Src/SX1278.o
 .debug_macro   0x00000000000019d5       0x10 ./Core/Src/SX1278.o
 .debug_macro   0x00000000000019e5       0x35 ./Core/Src/SX1278.o
 .debug_macro   0x0000000000001a1a       0x20 ./Core/Src/SX1278.o
 .debug_macro   0x0000000000001a3a      0x22d ./Core/Src/SX1278.o
 .debug_macro   0x0000000000001c67       0x2e ./Core/Src/SX1278.o
 .debug_macro   0x0000000000001c95       0x22 ./Core/Src/SX1278.o
 .debug_macro   0x0000000000001cb7       0x1c ./Core/Src/SX1278.o
 .debug_macro   0x0000000000001cd3       0x22 ./Core/Src/SX1278.o
 .debug_macro   0x0000000000001cf5       0xbd ./Core/Src/SX1278.o
 .debug_macro   0x0000000000001db2      0xd23 ./Core/Src/SX1278.o
 .debug_macro   0x0000000000002ad5     0xe09e ./Core/Src/SX1278.o
 .debug_macro   0x0000000000010b73       0x6d ./Core/Src/SX1278.o
 .debug_macro   0x0000000000010be0     0x3468 ./Core/Src/SX1278.o
 .debug_macro   0x0000000000014048       0x56 ./Core/Src/SX1278.o
 .debug_macro   0x000000000001409e      0x5be ./Core/Src/SX1278.o
 .debug_macro   0x000000000001465c      0x289 ./Core/Src/SX1278.o
 .debug_macro   0x00000000000148e5      0x1cb ./Core/Src/SX1278.o
 .debug_macro   0x0000000000014ab0      0x114 ./Core/Src/SX1278.o
 .debug_macro   0x0000000000014bc4      0x1b2 ./Core/Src/SX1278.o
 .debug_macro   0x0000000000014d76       0x27 ./Core/Src/SX1278.o
 .debug_macro   0x0000000000014d9d      0x136 ./Core/Src/SX1278.o
 .debug_macro   0x0000000000014ed3      0x1bc ./Core/Src/SX1278.o
 .debug_macro   0x000000000001508f       0x34 ./Core/Src/SX1278.o
 .debug_macro   0x00000000000150c3       0x3c ./Core/Src/SX1278.o
 .debug_macro   0x00000000000150ff       0x57 ./Core/Src/SX1278.o
 .debug_macro   0x0000000000015156      0x46a ./Core/Src/SX1278.o
 .debug_macro   0x00000000000155c0      0x1b5 ./Core/Src/SX1278.o
 .debug_macro   0x0000000000015775       0x22 ./Core/Src/SX1278.o
 .debug_macro   0x0000000000015797       0x88 ./Core/Src/SX1278.o
 .debug_macro   0x000000000001581f      0x241 ./Core/Src/SX1278.o
 .debug_macro   0x0000000000015a60      0x287 ./Core/Src/SX1278.o
 .debug_macro   0x0000000000015ce7      0x141 ./Core/Src/SX1278.o
 .debug_macro   0x0000000000015e28      0x217 ./Core/Src/SX1278.o
 .debug_macro   0x000000000001603f      0x279 ./Core/Src/SX1278.o
 .debug_macro   0x00000000000162b8       0x83 ./Core/Src/SX1278.o
 .debug_macro   0x000000000001633b       0xac ./Core/Src/SX1278.o
 .debug_macro   0x00000000000163e7      0x4e0 ./Core/Src/SX1278.o
 .debug_macro   0x00000000000168c7      0x2a7 ./Core/Src/SX1278_hw.o
 .debug_macro   0x0000000000016b6e      0x1de ./Core/Src/led.o
 .debug_macro   0x0000000000016d4c       0x5c ./Core/Src/led.o
 .debug_macro   0x0000000000016da8       0x46 ./Core/Src/led.o
 .debug_macro   0x0000000000016dee      0x413 ./Core/Src/main.o
 .debug_macro   0x0000000000017201       0x16 ./Core/Src/main.o
 .debug_macro   0x0000000000017217       0x10 ./Core/Src/main.o
 .debug_macro   0x0000000000017227       0x10 ./Core/Src/main.o
 .debug_macro   0x0000000000017237       0x1c ./Core/Src/main.o
 .debug_macro   0x0000000000017253       0x52 ./Core/Src/main.o
 .debug_macro   0x00000000000172a5       0x22 ./Core/Src/main.o
 .debug_macro   0x00000000000172c7       0x10 ./Core/Src/main.o
 .debug_macro   0x00000000000172d7       0x52 ./Core/Src/main.o
 .debug_macro   0x0000000000017329       0xd5 ./Core/Src/main.o
 .debug_macro   0x00000000000173fe       0x1c ./Core/Src/main.o
 .debug_macro   0x000000000001741a       0x3d ./Core/Src/main.o
 .debug_macro   0x0000000000017457       0x16 ./Core/Src/main.o
 .debug_macro   0x000000000001746d      0x145 ./Core/Src/main.o
 .debug_macro   0x00000000000175b2       0x16 ./Core/Src/main.o
 .debug_macro   0x00000000000175c8       0x4c ./Core/Src/main.o
 .debug_macro   0x0000000000017614       0x16 ./Core/Src/main.o
 .debug_macro   0x000000000001762a       0x16 ./Core/Src/main.o
 .debug_macro   0x0000000000017640       0x29 ./Core/Src/main.o
 .debug_macro   0x0000000000017669       0x16 ./Core/Src/main.o
 .debug_macro   0x000000000001767f      0x19b ./Core/Src/main.o
 .debug_macro   0x000000000001781a       0x22 ./Core/Src/main.o
 .debug_macro   0x000000000001783c       0x10 ./Core/Src/main.o
 .debug_macro   0x000000000001784c      0x28c ./Core/Src/module.o
 .debug_macro   0x0000000000017ad8      0x3d9 ./Core/Src/rs485.o
 .debug_macro   0x0000000000017eb1       0x1c ./Core/Src/rs485.o
 .debug_macro   0x0000000000017ecd      0x1cf ./Core/Src/stm32f1xx_hal_msp.o
 .debug_macro   0x000000000001809c      0x1d9 ./Core/Src/stm32f1xx_it.o
 .debug_macro   0x0000000000018275       0xff ./Core/Src/sysmem.o
 .debug_macro   0x0000000000018374      0x23b ./Core/Src/sysmem.o
 .debug_macro   0x00000000000185af      0x1c0 ./Core/Src/system_stm32f1xx.o
 .debug_macro   0x000000000001876f      0x2d8 ./Core/Src/uart1.o
 .debug_macro   0x0000000000018a47      0x1e4 ./Drivers/STM32F1xx_HAL_Driver/Src/stm32f1xx_hal.o
 .debug_macro   0x0000000000018c2b      0x1dd ./Drivers/STM32F1xx_HAL_Driver/Src/stm32f1xx_hal_adc.o
 .debug_macro   0x0000000000018e08      0x1c0 ./Drivers/STM32F1xx_HAL_Driver/Src/stm32f1xx_hal_cortex.o
 .debug_macro   0x0000000000018fc8      0x1c0 ./Drivers/STM32F1xx_HAL_Driver/Src/stm32f1xx_hal_crc.o
 .debug_macro   0x0000000000019188      0x1c0 ./Drivers/STM32F1xx_HAL_Driver/Src/stm32f1xx_hal_dma.o
 .debug_macro   0x0000000000019348      0x22b ./Drivers/STM32F1xx_HAL_Driver/Src/stm32f1xx_hal_gpio.o
 .debug_macro   0x0000000000019573      0x207 ./Drivers/STM32F1xx_HAL_Driver/Src/stm32f1xx_hal_i2c.o
 .debug_macro   0x000000000001977a      0x1d2 ./Drivers/STM32F1xx_HAL_Driver/Src/stm32f1xx_hal_rcc.o
 .debug_macro   0x000000000001994c      0x1c0 ./Drivers/STM32F1xx_HAL_Driver/Src/stm32f1xx_hal_rcc_ex.o
 .debug_macro   0x0000000000019b0c      0x1c8 ./Drivers/STM32F1xx_HAL_Driver/Src/stm32f1xx_hal_spi.o
 .debug_macro   0x0000000000019cd4      0x1c1 ./Drivers/STM32F1xx_HAL_Driver/Src/stm32f1xx_hal_uart.o

.debug_line     0x0000000000000000    0x13611
 .debug_line    0x0000000000000000      0xcae ./Core/Src/SX1278.o
 .debug_line    0x0000000000000cae      0x8e3 ./Core/Src/SX1278_hw.o
 .debug_line    0x0000000000001591      0x756 ./Core/Src/led.o
 .debug_line    0x0000000000001ce7     0x11ac ./Core/Src/main.o
 .debug_line    0x0000000000002e93      0x902 ./Core/Src/module.o
 .debug_line    0x0000000000003795      0xad5 ./Core/Src/rs485.o
 .debug_line    0x000000000000426a      0x8a0 ./Core/Src/stm32f1xx_hal_msp.o
 .debug_line    0x0000000000004b0a      0x799 ./Core/Src/stm32f1xx_it.o
 .debug_line    0x00000000000052a3      0x4f4 ./Core/Src/sysmem.o
 .debug_line    0x0000000000005797      0x73d ./Core/Src/system_stm32f1xx.o
 .debug_line    0x0000000000005ed4      0xb9b ./Core/Src/uart1.o
 .debug_line    0x0000000000006a6f       0x87 ./Core/Startup/startup_stm32f103c8tx.o
 .debug_line    0x0000000000006af6      0x96a ./Drivers/STM32F1xx_HAL_Driver/Src/stm32f1xx_hal.o
 .debug_line    0x0000000000007460      0xfe1 ./Drivers/STM32F1xx_HAL_Driver/Src/stm32f1xx_hal_adc.o
 .debug_line    0x0000000000008441      0xb52 ./Drivers/STM32F1xx_HAL_Driver/Src/stm32f1xx_hal_cortex.o
 .debug_line    0x0000000000008f93      0x805 ./Drivers/STM32F1xx_HAL_Driver/Src/stm32f1xx_hal_crc.o
 .debug_line    0x0000000000009798      0xdc2 ./Drivers/STM32F1xx_HAL_Driver/Src/stm32f1xx_hal_dma.o
 .debug_line    0x000000000000a55a      0xa01 ./Drivers/STM32F1xx_HAL_Driver/Src/stm32f1xx_hal_gpio.o
 .debug_line    0x000000000000af5b     0x3a54 ./Drivers/STM32F1xx_HAL_Driver/Src/stm32f1xx_hal_i2c.o
 .debug_line    0x000000000000e9af      0xd78 ./Drivers/STM32F1xx_HAL_Driver/Src/stm32f1xx_hal_rcc.o
 .debug_line    0x000000000000f727      0x8b6 ./Drivers/STM32F1xx_HAL_Driver/Src/stm32f1xx_hal_rcc_ex.o
 .debug_line    0x000000000000ffdd     0x1bef ./Drivers/STM32F1xx_HAL_Driver/Src/stm32f1xx_hal_spi.o
 .debug_line    0x0000000000011bcc     0x1a45 ./Drivers/STM32F1xx_HAL_Driver/Src/stm32f1xx_hal_uart.o

.debug_str      0x0000000000000000    0x8e457
 .debug_str     0x0000000000000000    0x88571 ./Core/Src/SX1278.o
                                      0x889cd (size before relaxing)
 .debug_str     0x0000000000088571       0x76 ./Core/Src/SX1278_hw.o
                                      0x8748d (size before relaxing)
 .debug_str     0x00000000000885e7      0x269 ./Core/Src/led.o
                                      0x84374 (size before relaxing)
 .debug_str     0x0000000000088850     0x2b07 ./Core/Src/main.o
                                      0x8b6a8 (size before relaxing)
 .debug_str     0x000000000008b357      0x124 ./Core/Src/module.o
                                      0x87cb3 (size before relaxing)
 .debug_str     0x000000000008b47b       0xbc ./Core/Src/rs485.o
                                      0x88ba9 (size before relaxing)
 .debug_str     0x000000000008b537      0x12a ./Core/Src/stm32f1xx_hal_msp.o
                                      0x84f58 (size before relaxing)
 .debug_str     0x000000000008b661       0xef ./Core/Src/stm32f1xx_it.o
                                      0x845a8 (size before relaxing)
 .debug_str     0x000000000008b750      0x4da ./Core/Src/sysmem.o
                                       0x5d47 (size before relaxing)
 .debug_str     0x000000000008bc2a       0x7e ./Core/Src/system_stm32f1xx.o
                                      0x83f13 (size before relaxing)
 .debug_str     0x000000000008bca8       0xec ./Core/Src/uart1.o
                                      0x87336 (size before relaxing)
 .debug_str     0x000000000008bd94       0x36 ./Core/Startup/startup_stm32f103c8tx.o
                                         0x61 (size before relaxing)
 .debug_str     0x000000000008bdca      0x36e ./Drivers/STM32F1xx_HAL_Driver/Src/stm32f1xx_hal.o
                                      0x84646 (size before relaxing)
 .debug_str     0x000000000008c138      0x396 ./Drivers/STM32F1xx_HAL_Driver/Src/stm32f1xx_hal_adc.o
                                      0x845f0 (size before relaxing)
 .debug_str     0x000000000008c4ce      0x231 ./Drivers/STM32F1xx_HAL_Driver/Src/stm32f1xx_hal_cortex.o
                                      0x84592 (size before relaxing)
 .debug_str     0x000000000008c6ff       0x92 ./Drivers/STM32F1xx_HAL_Driver/Src/stm32f1xx_hal_crc.o
                                      0x84055 (size before relaxing)
 .debug_str     0x000000000008c791      0x211 ./Drivers/STM32F1xx_HAL_Driver/Src/stm32f1xx_hal_dma.o
                                      0x842bc (size before relaxing)
 .debug_str     0x000000000008c9a2      0x2d0 ./Drivers/STM32F1xx_HAL_Driver/Src/stm32f1xx_hal_gpio.o
                                      0x84299 (size before relaxing)
 .debug_str     0x000000000008cc72      0xb3a ./Drivers/STM32F1xx_HAL_Driver/Src/stm32f1xx_hal_i2c.o
                                      0x84f87 (size before relaxing)
 .debug_str     0x000000000008d7ac      0x209 ./Drivers/STM32F1xx_HAL_Driver/Src/stm32f1xx_hal_rcc.o
                                      0x84342 (size before relaxing)
 .debug_str     0x000000000008d9b5       0x7a ./Drivers/STM32F1xx_HAL_Driver/Src/stm32f1xx_hal_rcc_ex.o
                                      0x84092 (size before relaxing)
 .debug_str     0x000000000008da2f      0x4a9 ./Drivers/STM32F1xx_HAL_Driver/Src/stm32f1xx_hal_spi.o
                                      0x8483f (size before relaxing)
 .debug_str     0x000000000008ded8      0x57f ./Drivers/STM32F1xx_HAL_Driver/Src/stm32f1xx_hal_uart.o
                                      0x8494d (size before relaxing)

.comment        0x0000000000000000       0x50
 .comment       0x0000000000000000       0x50 ./Core/Src/SX1278.o
                                         0x51 (size before relaxing)
 .comment       0x0000000000000050       0x51 ./Core/Src/SX1278_hw.o
 .comment       0x0000000000000050       0x51 ./Core/Src/led.o
 .comment       0x0000000000000050       0x51 ./Core/Src/main.o
 .comment       0x0000000000000050       0x51 ./Core/Src/module.o
 .comment       0x0000000000000050       0x51 ./Core/Src/rs485.o
 .comment       0x0000000000000050       0x51 ./Core/Src/stm32f1xx_hal_msp.o
 .comment       0x0000000000000050       0x51 ./Core/Src/stm32f1xx_it.o
 .comment       0x0000000000000050       0x51 ./Core/Src/sysmem.o
 .comment       0x0000000000000050       0x51 ./Core/Src/system_stm32f1xx.o
 .comment       0x0000000000000050       0x51 ./Core/Src/uart1.o
 .comment       0x0000000000000050       0x51 ./Drivers/STM32F1xx_HAL_Driver/Src/stm32f1xx_hal.o
 .comment       0x0000000000000050       0x51 ./Drivers/STM32F1xx_HAL_Driver/Src/stm32f1xx_hal_adc.o
 .comment       0x0000000000000050       0x51 ./Drivers/STM32F1xx_HAL_Driver/Src/stm32f1xx_hal_cortex.o
 .comment       0x0000000000000050       0x51 ./Drivers/STM32F1xx_HAL_Driver/Src/stm32f1xx_hal_crc.o
 .comment       0x0000000000000050       0x51 ./Drivers/STM32F1xx_HAL_Driver/Src/stm32f1xx_hal_dma.o
 .comment       0x0000000000000050       0x51 ./Drivers/STM32F1xx_HAL_Driver/Src/stm32f1xx_hal_gpio.o
 .comment       0x0000000000000050       0x51 ./Drivers/STM32F1xx_HAL_Driver/Src/stm32f1xx_hal_i2c.o
 .comment       0x0000000000000050       0x51 ./Drivers/STM32F1xx_HAL_Driver/Src/stm32f1xx_hal_rcc.o
 .comment       0x0000000000000050       0x51 ./Drivers/STM32F1xx_HAL_Driver/Src/stm32f1xx_hal_rcc_ex.o
 .comment       0x0000000000000050       0x51 ./Drivers/STM32F1xx_HAL_Driver/Src/stm32f1xx_hal_spi.o
 .comment       0x0000000000000050       0x51 ./Drivers/STM32F1xx_HAL_Driver/Src/stm32f1xx_hal_uart.o

.debug_frame    0x0000000000000000     0x47c8
 .debug_frame   0x0000000000000000      0x42c ./Core/Src/SX1278.o
 .debug_frame   0x000000000000042c       0xe8 ./Core/Src/SX1278_hw.o
 .debug_frame   0x0000000000000514       0xc0 ./Core/Src/led.o
 .debug_frame   0x00000000000005d4      0x484 ./Core/Src/main.o
 .debug_frame   0x0000000000000a58       0xec ./Core/Src/module.o
 .debug_frame   0x0000000000000b44       0xf8 ./Core/Src/rs485.o
 .debug_frame   0x0000000000000c3c      0x1a8 ./Core/Src/stm32f1xx_hal_msp.o
 .debug_frame   0x0000000000000de4      0x120 ./Core/Src/stm32f1xx_it.o
 .debug_frame   0x0000000000000f04       0x34 ./Core/Src/sysmem.o
 .debug_frame   0x0000000000000f38       0x58 ./Core/Src/system_stm32f1xx.o
 .debug_frame   0x0000000000000f90      0x1f4 ./Core/Src/uart1.o
 .debug_frame   0x0000000000001184      0x334 ./Drivers/STM32F1xx_HAL_Driver/Src/stm32f1xx_hal.o
 .debug_frame   0x00000000000014b8      0x40c ./Drivers/STM32F1xx_HAL_Driver/Src/stm32f1xx_hal_adc.o
 .debug_frame   0x00000000000018c4      0x428 ./Drivers/STM32F1xx_HAL_Driver/Src/stm32f1xx_hal_cortex.o
 .debug_frame   0x0000000000001cec      0x120 ./Drivers/STM32F1xx_HAL_Driver/Src/stm32f1xx_hal_crc.o
 .debug_frame   0x0000000000001e0c      0x208 ./Drivers/STM32F1xx_HAL_Driver/Src/stm32f1xx_hal_dma.o
 .debug_frame   0x0000000000002014      0x14c ./Drivers/STM32F1xx_HAL_Driver/Src/stm32f1xx_hal_gpio.o
 .debug_frame   0x0000000000002160      0xc5c ./Drivers/STM32F1xx_HAL_Driver/Src/stm32f1xx_hal_i2c.o
 .debug_frame   0x0000000000002dbc      0x21c ./Drivers/STM32F1xx_HAL_Driver/Src/stm32f1xx_hal_rcc.o
 .debug_frame   0x0000000000002fd8       0x84 ./Drivers/STM32F1xx_HAL_Driver/Src/stm32f1xx_hal_rcc_ex.o
 .debug_frame   0x000000000000305c      0x824 ./Drivers/STM32F1xx_HAL_Driver/Src/stm32f1xx_hal_spi.o
 .debug_frame   0x0000000000003880      0x914 ./Drivers/STM32F1xx_HAL_Driver/Src/stm32f1xx_hal_uart.o
 .debug_frame   0x0000000000004194       0x20 c:/st/stm32cubeide_1.11.0/stm32cubeide/plugins/com.st.stm32cube.ide.mcu.externaltools.gnu-tools-for-stm32.10.3-2021.10.win32_1.0.100.202210260954/tools/bin/../lib/gcc/arm-none-eabi/10.3.1/../../../../arm-none-eabi/lib/thumb/v7-m/nofp\libc_nano.a(lib_a-errno.o)
 .debug_frame   0x00000000000041b4       0x2c c:/st/stm32cubeide_1.11.0/stm32cubeide/plugins/com.st.stm32cube.ide.mcu.externaltools.gnu-tools-for-stm32.10.3-2021.10.win32_1.0.100.202210260954/tools/bin/../lib/gcc/arm-none-eabi/10.3.1/../../../../arm-none-eabi/lib/thumb/v7-m/nofp\libc_nano.a(lib_a-init.o)
 .debug_frame   0x00000000000041e0       0x20 c:/st/stm32cubeide_1.11.0/stm32cubeide/plugins/com.st.stm32cube.ide.mcu.externaltools.gnu-tools-for-stm32.10.3-2021.10.win32_1.0.100.202210260954/tools/bin/../lib/gcc/arm-none-eabi/10.3.1/../../../../arm-none-eabi/lib/thumb/v7-m/nofp\libc_nano.a(lib_a-memset.o)
 .debug_frame   0x0000000000004200       0x6c c:/st/stm32cubeide_1.11.0/stm32cubeide/plugins/com.st.stm32cube.ide.mcu.externaltools.gnu-tools-for-stm32.10.3-2021.10.win32_1.0.100.202210260954/tools/bin/../lib/gcc/arm-none-eabi/10.3.1/../../../../arm-none-eabi/lib/thumb/v7-m/nofp\libc_nano.a(lib_a-sprintf.o)
 .debug_frame   0x000000000000426c      0x14c c:/st/stm32cubeide_1.11.0/stm32cubeide/plugins/com.st.stm32cube.ide.mcu.externaltools.gnu-tools-for-stm32.10.3-2021.10.win32_1.0.100.202210260954/tools/bin/../lib/gcc/arm-none-eabi/10.3.1/../../../../arm-none-eabi/lib/thumb/v7-m/nofp\libc_nano.a(lib_a-findfp.o)
 .debug_frame   0x00000000000043b8       0xb0 c:/st/stm32cubeide_1.11.0/stm32cubeide/plugins/com.st.stm32cube.ide.mcu.externaltools.gnu-tools-for-stm32.10.3-2021.10.win32_1.0.100.202210260954/tools/bin/../lib/gcc/arm-none-eabi/10.3.1/../../../../arm-none-eabi/lib/thumb/v7-m/nofp\libc_nano.a(lib_a-lock.o)
 .debug_frame   0x0000000000004468       0x4c c:/st/stm32cubeide_1.11.0/stm32cubeide/plugins/com.st.stm32cube.ide.mcu.externaltools.gnu-tools-for-stm32.10.3-2021.10.win32_1.0.100.202210260954/tools/bin/../lib/gcc/arm-none-eabi/10.3.1/../../../../arm-none-eabi/lib/thumb/v7-m/nofp\libc_nano.a(lib_a-nano-mallocr.o)