../Drivers/CMSIS/Include/core_cm3.h:1876:26:ITM_SendChar	16	static,ignoring_inline_asm
../Core/Src/main.c:86:6:USART1_IRQHandler	8	static
../Core/Src/main.c:90:6:HAL_SPI_TxCpltCallback	16	static
../Core/Src/main.c:94:6:HAL_SPI_RxCpltCallback	16	static
../Core/Src/main.c:98:5:_write	32	static
../Core/Src/main.c:108:6:setTxBaseParameters	32	static
../Core/Src/main.c:144:6:saveTx	16	static
../Core/Src/main.c:168:6:setTxParameters	24	static
../Core/Src/main.c:177:6:sx1278Reset	8	static
../Core/Src/main.c:186:6:transmit	176	static
../Core/Src/main.c:245:6:setRxBaseParameters	24	static
../Core/Src/main.c:275:6:saveRx	16	static
../Core/Src/main.c:299:6:setRxParameters	24	static
../Core/Src/main.c:308:6:clearMemForRx	16	static
../Core/Src/main.c:314:6:waitForRxDone	24	static
../Core/Src/main.c:325:6:configInit	72	static
../Core/Src/main.c:335:5:crcErrorActivation	32	static
../Core/Src/main.c:345:6:getLoraPacket	24	static
../Core/Src/main.c:356:6:printParameters	32	static
../Core/Src/main.c:363:6:read	32	static
../Core/Src/main.c:387:6:modeCmdUpdate	24	static
../Core/Src/main.c:403:6:modeRs485Update	16	static
../Core/Src/main.c:436:5:main	848	static
../Core/Src/main.c:579:6:SystemClock_Config	88	static
../Core/Src/main.c:626:13:MX_ADC1_Init	24	static
../Core/Src/main.c:673:13:MX_CRC_Init	8	static
../Core/Src/main.c:699:13:MX_I2C1_Init	8	static
../Core/Src/main.c:733:13:MX_SPI1_Init	8	static
../Core/Src/main.c:771:13:MX_USART1_UART_Init	8	static
../Core/Src/main.c:804:13:MX_USART2_UART_Init	8	static
../Core/Src/main.c:837:13:MX_USART3_UART_Init	8	static
../Core/Src/main.c:870:13:MX_GPIO_Init	40	static
../Core/Src/main.c:911:6:Error_Handler	4	static,ignoring_inline_asm
