../Core/Src/main.c:117:5:main	264	static
../Core/Src/main.c:197:6:SystemClock_Config	88	static
../Core/Src/main.c:240:13:MX_ADC1_Init	24	static
../Core/Src/main.c:284:13:MX_CRC_Init	8	static
../Core/Src/main.c:308:13:MX_I2C1_Init	8	static
../Core/Src/main.c:340:13:MX_SPI1_Init	8	static
../Core/Src/main.c:376:13:MX_USART1_UART_Init	8	static
../Core/Src/main.c:407:13:MX_USART2_UART_Init	8	static
../Core/Src/main.c:438:13:MX_USART3_UART_Init	8	static
../Core/Src/main.c:469:13:MX_GPIO_Init	40	static
../Core/Src/main.c:507:6:HAL_UART_RxCpltCallback	16	static
../Core/Src/main.c:519:6:HAL_SPI_TxCpltCallback	16	static
../Core/Src/main.c:523:6:HAL_SPI_RxCpltCallback	16	static
../Core/Src/main.c:527:9:decodeVLAD	24	static
../Core/Src/main.c:545:6:print_parameters	24	static
../Core/Src/main.c:573:6:printStatus	40	static
../Core/Src/main.c:674:6:printLoRaStatus	32	static
../Core/Src/main.c:737:6:parseLoRaMaster	16	static
../Core/Src/main.c:753:6:parseUartMaster	16	static
../Core/Src/main.c:766:6:sendQuery	24	static
../Core/Src/main.c:778:15:processLoRaSlaveReceiver	24	static
../Core/Src/main.c:804:6:processLoraReceiveState	88	static
../Core/Src/main.c:820:6:processLoraSendState	24	static
../Core/Src/main.c:833:6:processMasterReceiverMode	24	static
../Core/Src/main.c:863:6:Error_Handler	4	static,ignoring_inline_asm
