../Core/Src/main.c:80:6:USART1_IRQHandler	8	static
../Core/Src/main.c:84:9:lora_read_reg	32	static
../Core/Src/main.c:95:6:setTxFifoAddr	24	static
../Core/Src/main.c:104:6:sx1278Reset	8	static
../Core/Src/main.c:112:6:setRxBaseParameters	40	static
../Core/Src/main.c:142:6:setRxFifoAddr	24	static
../Core/Src/main.c:151:6:clearMemForRx	16	static
../Core/Src/main.c:158:9:waitForRxDone	32	static
../Core/Src/main.c:174:5:crcErrorActivation	40	static
../Core/Src/main.c:184:6:getRxFifoData	32	static
../Core/Src/main.c:206:6:printParameters	32	static
../Core/Src/main.c:220:6:modeCmdUpdate	24	static
../Core/Src/main.c:237:6:encodeVLAD	24	static
../Core/Src/main.c:269:6:modeRs485Update	24	static
../Core/Src/main.c:283:6:printStatus	368	static
../Core/Src/main.c:293:6:printLoRaStatus	40	static
../Core/Src/main.c:338:6:setTxFifoData	24	static
../Core/Src/main.c:346:6:waitForTxEnd	24	static
../Core/Src/main.c:373:5:main	784	static
../Core/Src/main.c:528:6:SystemClock_Config	88	static
../Core/Src/main.c:566:13:MX_ADC1_Init	24	static
../Core/Src/main.c:622:13:MX_CRC_Init	8	static
../Core/Src/main.c:651:13:MX_SPI1_Init	8	static
../Core/Src/main.c:689:13:MX_USART1_UART_Init	8	static
../Core/Src/main.c:734:13:MX_GPIO_Init	48	static
../Core/Src/main.c:788:6:Error_Handler	8	static,ignoring_inline_asm
