../Drivers/CMSIS/Include/core_cm3.h:1876:26:ITM_SendChar	16	static,ignoring_inline_asm
../Core/Src/main.c:92:6:HAL_UART_RxCpltCallback	16	static
../Core/Src/main.c:104:6:HAL_SPI_TxCpltCallback	16	static
../Core/Src/main.c:108:6:HAL_SPI_RxCpltCallback	16	static
../Core/Src/main.c:112:5:_write	32	static
../Core/Src/main.c:122:6:setTxBaseParameters	32	static
../Core/Src/main.c:158:6:saveTx	16	static
../Core/Src/main.c:182:6:setTxParameters	24	static
../Core/Src/main.c:191:6:sx1278Reset	8	static
../Core/Src/main.c:201:6:transmit	48	static
../Core/Src/main.c:252:6:setRxBaseParameters	24	static
../Core/Src/main.c:282:6:saveRx	16	static
../Core/Src/main.c:306:6:setRxParameters	24	static
../Core/Src/main.c:315:6:clearMemForRx	16	static
../Core/Src/main.c:321:9:waitForRxDone	24	static
../Core/Src/main.c:336:6:configInit	72	static
../Core/Src/main.c:346:5:crcErrorActivation	32	static
../Core/Src/main.c:356:6:getLoraPacket	24	static
../Core/Src/main.c:367:6:printParameters	80	static
../Core/Src/main.c:380:6:read	32	static
../Core/Src/main.c:405:8:decodeVLAD	80	static
../Core/Src/main.c:422:6:modeCmdUpdate	24	static
../Core/Src/main.c:435:6:modeRs485Update	80	static
../Core/Src/main.c:456:6:print_parameters	32	static
../Core/Src/main.c:499:6:printStatus	352	static
../Core/Src/main.c:512:5:main	1168	static
../Core/Src/main.c:699:6:SystemClock_Config	88	static
../Core/Src/main.c:742:13:MX_ADC1_Init	24	static
../Core/Src/main.c:786:13:MX_CRC_Init	8	static
../Core/Src/main.c:810:13:MX_I2C1_Init	8	static
../Core/Src/main.c:842:13:MX_SPI1_Init	8	static
../Core/Src/main.c:878:13:MX_USART1_UART_Init	8	static
../Core/Src/main.c:909:13:MX_USART2_UART_Init	8	static
../Core/Src/main.c:940:13:MX_USART3_UART_Init	8	static
../Core/Src/main.c:971:13:MX_GPIO_Init	40	static
../Core/Src/main.c:1012:6:Error_Handler	4	static,ignoring_inline_asm
