../Drivers/CMSIS/Include/core_cm3.h:1876:26:ITM_SendChar	16	static,ignoring_inline_asm
../Core/Src/main.c:92:6:HAL_UART_RxCpltCallback	16	static
../Core/Src/main.c:102:6:HAL_SPI_TxCpltCallback	16	static
../Core/Src/main.c:106:6:HAL_SPI_RxCpltCallback	16	static
../Core/Src/main.c:110:5:_write	32	static
../Core/Src/main.c:119:6:sx1278Reset	8	static
../Core/Src/main.c:127:9:waitForRxDone	24	static
../Core/Src/main.c:142:6:printParameters	80	static
../Core/Src/main.c:158:8:decodeVLAD	80	static
../Core/Src/main.c:175:6:modeCmdUpdate	24	static
../Core/Src/main.c:188:6:modeRs485Update	80	static
../Core/Src/main.c:205:6:print_parameters	32	static
../Core/Src/main.c:239:6:printStatus	360	static
../Core/Src/main.c:251:6:printLoRaStatus	48	static
../Core/Src/main.c:303:6:waitForTxEnd	24	static
../Core/Src/main.c:323:6:dinamicFrame	32	static
../Core/Src/main.c:353:5:changeModeBySwitch	24	static
../Core/Src/main.c:382:5:main	880	static
../Core/Src/main.c:572:6:SystemClock_Config	88	static
../Core/Src/main.c:615:13:MX_ADC1_Init	24	static
../Core/Src/main.c:659:13:MX_CRC_Init	8	static
../Core/Src/main.c:683:13:MX_I2C1_Init	8	static
../Core/Src/main.c:715:13:MX_SPI1_Init	8	static
../Core/Src/main.c:751:13:MX_USART1_UART_Init	8	static
../Core/Src/main.c:782:13:MX_USART2_UART_Init	8	static
../Core/Src/main.c:813:13:MX_USART3_UART_Init	8	static
../Core/Src/main.c:844:13:MX_GPIO_Init	40	static
../Core/Src/main.c:885:6:Error_Handler	4	static,ignoring_inline_asm
