../Core/Src/main.c:108:5:main	8	static
../Core/Src/main.c:167:6:SystemClock_Config	88	static
../Core/Src/main.c:207:13:MX_I2C1_Init	8	static
../Core/Src/main.c:252:13:MX_IWDG_Init	8	static
../Core/Src/main.c:279:13:MX_SPI1_Init	8	static
../Core/Src/main.c:317:13:MX_USART1_UART_Init	160	static
../Core/Src/main.c:362:13:MX_GPIO_Init	48	static
../Core/Src/main.c:413:6:USART1_IRQHandler	16	static
../Core/Src/main.c:428:6:print_parameters	32	static
../Core/Src/main.c:456:6:printStatus	48	static
../Core/Src/main.c:557:6:printLoRaStatus	32	static
../Core/Src/main.c:620:6:dinamicFrame	40	static
../Core/Src/main.c:650:6:parseLoRaMaster	16	static
../Core/Src/main.c:666:6:parseLoRaSlave	16	static
../Core/Src/main.c:682:6:parseUartMaster	16	static
../Core/Src/main.c:695:6:parseUartSlave	16	static
../Core/Src/main.c:719:6:sendLoRaMasterQuery	16	static
../Core/Src/main.c:729:9:setBufferWithLtelCmd	40	static
../Core/Src/main.c:825:9:processReceivedLoraCommand	48	static
../Core/Src/main.c:854:6:processReceivedUartCommand	48	static
../Core/Src/main.c:878:15:processLoRaSlaveReceiver	32	static
../Core/Src/main.c:903:6:handleCommunication	24	static
../Core/Src/main.c:926:6:handleDefaultCase	24	static
../Core/Src/main.c:944:6:Error_Handler	8	static,ignoring_inline_asm
