../Drivers/CMSIS/Include/core_cm3.h:1876:26:ITM_SendChar	16	static,ignoring_inline_asm
../Core/Src/main.c:73:9:lora_read_reg	24	static
../Core/Src/main.c:84:6:HAL_SPI_TxCpltCallback	16	static
../Core/Src/main.c:88:6:HAL_SPI_RxCpltCallback	16	static
../Core/Src/main.c:91:5:_write	32	static
../Core/Src/main.c:117:5:main	48	static
../Core/Src/main.c:270:6:SystemClock_Config	88	static
../Core/Src/main.c:313:13:MX_ADC1_Init	24	static
../Core/Src/main.c:357:13:MX_I2C1_Init	8	static
../Core/Src/main.c:398:6:Error_Handler	4	static,ignoring_inline_asm
