../Core/Src/main.c:70:9:lora_read_reg	32	static
../Core/Src/main.c:82:6:setTxBaseParameters	48	static
../Core/Src/main.c:118:6:saveTx	16	static
../Core/Src/main.c:142:6:setTxParameters	24	static
../Core/Src/main.c:150:6:sx1278Reset	8	static
../Core/Src/main.c:159:6:transmit	160	static
../Core/Src/main.c:218:6:setRxBaseParameters	40	static
../Core/Src/main.c:248:6:saveRx	16	static
../Core/Src/main.c:274:6:setRxParameters	24	static
../Core/Src/main.c:283:6:clearMemForRx	16	static
../Core/Src/main.c:289:6:waitForRxDone	32	static
../Core/Src/main.c:300:6:configInit	72	static
../Core/Src/main.c:310:5:crcErrorActivation	40	static
../Core/Src/main.c:320:6:getLoraPacket	32	static
../Core/Src/main.c:331:6:printParameters	32	static
../Core/Src/main.c:338:6:read	32	static
../Core/Src/main.c:364:5:main	680	static
../Core/Src/main.c:447:6:SystemClock_Config	88	static
../Core/Src/main.c:485:13:MX_ADC1_Init	24	static
../Core/Src/main.c:541:13:MX_CRC_Init	8	static
../Core/Src/main.c:570:13:MX_SPI1_Init	8	static
../Core/Src/main.c:608:13:MX_USART1_UART_Init	8	static
../Core/Src/main.c:653:13:MX_GPIO_Init	48	static
../Core/Src/main.c:707:6:Error_Handler	8	static,ignoring_inline_asm
