../Drivers/CMSIS/Include/core_cm3.h:1876:26:ITM_SendChar	16	static,ignoring_inline_asm
../Core/Src/main.c:76:6:HAL_SPI_TxCpltCallback	16	static
../Core/Src/main.c:80:6:HAL_SPI_RxCpltCallback	16	static
../Core/Src/main.c:84:5:_write	32	static
../Core/Src/main.c:94:6:setTxBaseParameters	32	static
../Core/Src/main.c:130:6:saveTx	16	static
../Core/Src/main.c:154:6:setTxParameters	24	static
../Core/Src/main.c:162:6:sx1278Reset	8	static
../Core/Src/main.c:172:6:transmit	176	static
../Core/Src/main.c:239:6:setRxBaseParameters	32	static
../Core/Src/main.c:276:6:saveRx	16	static
../Core/Src/main.c:300:6:setRxParameters	24	static
../Core/Src/main.c:309:6:read	96	static
../Core/Src/main.c:355:5:main	680	static
../Core/Src/main.c:453:6:SystemClock_Config	88	static
../Core/Src/main.c:496:13:MX_ADC1_Init	24	static
../Core/Src/main.c:540:13:MX_CRC_Init	8	static
../Core/Src/main.c:564:13:MX_I2C1_Init	8	static
../Core/Src/main.c:596:13:MX_SPI1_Init	8	static
../Core/Src/main.c:632:13:MX_USART1_UART_Init	8	static
../Core/Src/main.c:663:13:MX_USART2_UART_Init	8	static
../Core/Src/main.c:694:13:MX_USART3_UART_Init	8	static
../Core/Src/main.c:725:13:MX_GPIO_Init	40	static
../Core/Src/main.c:760:6:Error_Handler	4	static,ignoring_inline_asm
