../Core/Src/main.c:79:6:USART1_IRQHandler	8	static
../Core/Src/main.c:83:9:lora_read_reg	32	static
../Core/Src/main.c:95:6:setTxBaseParameters	40	static
../Core/Src/main.c:124:6:saveTx	16	static
../Core/Src/main.c:147:6:txMode	16	static
../Core/Src/main.c:157:6:rxMode	16	static
../Core/Src/main.c:167:6:setTxParameters	24	static
../Core/Src/main.c:176:6:sx1278Reset	8	static
../Core/Src/main.c:184:6:transmit	48	static
../Core/Src/main.c:233:6:setRxBaseParameters	40	static
../Core/Src/main.c:263:6:saveRx	16	static
../Core/Src/main.c:287:6:setRxParameters	24	static
../Core/Src/main.c:296:6:clearMemForRx	16	static
../Core/Src/main.c:302:9:waitForRxDone	32	static
../Core/Src/main.c:318:6:configInit	16	static
../Core/Src/main.c:327:5:crcErrorActivation	40	static
../Core/Src/main.c:337:6:getLoraPacket	32	static
../Core/Src/main.c:348:6:printParameters	32	static
../Core/Src/main.c:359:6:read	32	static
../Core/Src/main.c:385:6:modeCmdUpdate	32	static
../Core/Src/main.c:402:6:encodeVLAD	24	static
../Core/Src/main.c:434:6:modeRs485Update	24	static
../Core/Src/main.c:450:6:printStatus	360	static
../Core/Src/main.c:463:5:main	1080	static
../Core/Src/main.c:606:6:SystemClock_Config	88	static
../Core/Src/main.c:644:13:MX_ADC1_Init	24	static
../Core/Src/main.c:700:13:MX_CRC_Init	8	static
../Core/Src/main.c:729:13:MX_SPI1_Init	8	static
../Core/Src/main.c:767:13:MX_USART1_UART_Init	8	static
../Core/Src/main.c:812:13:MX_GPIO_Init	48	static
../Core/Src/main.c:866:6:Error_Handler	8	static,ignoring_inline_asm
