../Core/Src/main.c:70:9:lora_read_reg	32	static
../Core/Src/main.c:83:6:setTxBaseParameters	48	static
../Core/Src/main.c:119:6:setRxBaseParameters	48	static
../Core/Src/main.c:156:6:saveRx	16	static
../Core/Src/main.c:182:6:setRxParameters	24	static
../Core/Src/main.c:191:6:sx1278Reset	8	static
../Core/Src/main.c:199:6:read	96	static
../Core/Src/main.c:241:6:transmit	160	static
../Core/Src/main.c:304:6:setTxParameters	24	static
../Core/Src/main.c:312:6:saveTx	16	static
../Core/Src/main.c:342:5:main	1192	static
../Core/Src/main.c:428:6:SystemClock_Config	88	static
../Core/Src/main.c:466:13:MX_ADC1_Init	24	static
../Core/Src/main.c:522:13:MX_CRC_Init	8	static
../Core/Src/main.c:551:13:MX_SPI1_Init	8	static
../Core/Src/main.c:589:13:MX_USART1_UART_Init	8	static
../Core/Src/main.c:634:13:MX_GPIO_Init	48	static
../Core/Src/main.c:688:6:Error_Handler	8	static,ignoring_inline_asm
