../Core/Src/main.c:79:6:USART1_IRQHandler	8	static
../Core/Src/main.c:83:9:lora_read_reg	32	static
../Core/Src/main.c:95:6:setTxBaseParameters	48	static
../Core/Src/main.c:131:6:saveTx	16	static
../Core/Src/main.c:155:6:setTxParameters	24	static
../Core/Src/main.c:163:6:sx1278Reset	8	static
../Core/Src/main.c:171:6:transmit	40	static
../Core/Src/main.c:216:6:setRxBaseParameters	40	static
../Core/Src/main.c:246:6:saveRx	16	static
../Core/Src/main.c:270:6:setRxParameters	24	static
../Core/Src/main.c:279:6:clearMemForRx	16	static
../Core/Src/main.c:285:6:waitForRxDone	32	static
../Core/Src/main.c:296:6:configInit	16	static
../Core/Src/main.c:305:5:crcErrorActivation	40	static
../Core/Src/main.c:315:6:getLoraPacket	32	static
../Core/Src/main.c:326:6:printParameters	40	static
../Core/Src/main.c:332:6:read	32	static
../Core/Src/main.c:356:6:modeCmdUpdate	32	static
../Core/Src/main.c:373:6:encodeVLAD	24	static
../Core/Src/main.c:405:6:modeRs485Update	56	static
../Core/Src/main.c:429:6:printStatus	360	static
../Core/Src/main.c:442:5:main	1056	static
../Core/Src/main.c:580:6:SystemClock_Config	88	static
../Core/Src/main.c:618:13:MX_ADC1_Init	24	static
../Core/Src/main.c:674:13:MX_CRC_Init	8	static
../Core/Src/main.c:703:13:MX_SPI1_Init	8	static
../Core/Src/main.c:741:13:MX_USART1_UART_Init	8	static
../Core/Src/main.c:786:13:MX_GPIO_Init	48	static
../Core/Src/main.c:840:6:Error_Handler	8	static,ignoring_inline_asm
