../Drivers/CMSIS/Include/core_cm3.h:1876:26:ITM_SendChar	16	static,ignoring_inline_asm
../Core/Src/main.c:75:6:HAL_SPI_TxCpltCallback	16	static
../Core/Src/main.c:79:6:HAL_SPI_RxCpltCallback	16	static
../Core/Src/main.c:82:5:_write	32	static
../Core/Src/main.c:93:6:setBaseParameters	32	static
../Core/Src/main.c:129:6:save	16	static
../Core/Src/main.c:155:6:setTxParameters	24	static
../Core/Src/main.c:166:6:sx1278Reset	8	static
../Core/Src/main.c:182:5:main	184	static
../Core/Src/main.c:353:6:SystemClock_Config	88	static
../Core/Src/main.c:396:13:MX_ADC1_Init	24	static
../Core/Src/main.c:440:13:MX_CRC_Init	8	static
../Core/Src/main.c:464:13:MX_I2C1_Init	8	static
../Core/Src/main.c:496:13:MX_SPI1_Init	8	static
../Core/Src/main.c:532:13:MX_USART1_UART_Init	8	static
../Core/Src/main.c:563:13:MX_USART2_UART_Init	8	static
../Core/Src/main.c:594:13:MX_USART3_UART_Init	8	static
../Core/Src/main.c:625:13:MX_GPIO_Init	40	static
../Core/Src/main.c:660:6:Error_Handler	4	static,ignoring_inline_asm
