../Drivers/CMSIS/Include/core_cm3.h:1876:26:ITM_SendChar	16	static,ignoring_inline_asm
../Core/Src/main.c:92:6:HAL_UART_RxCpltCallback	16	static
../Core/Src/main.c:104:6:HAL_SPI_TxCpltCallback	16	static
../Core/Src/main.c:108:6:HAL_SPI_RxCpltCallback	16	static
../Core/Src/main.c:112:5:_write	32	static
../Core/Src/main.c:122:6:setTxBaseParameters	24	static
../Core/Src/main.c:151:6:saveTx	16	static
../Core/Src/main.c:175:6:txMode	16	static
../Core/Src/main.c:185:6:setTxParameters	24	static
../Core/Src/main.c:194:6:sx1278Reset	8	static
../Core/Src/main.c:202:6:transmit	48	static
../Core/Src/main.c:253:6:setRxBaseParameters	24	static
../Core/Src/main.c:283:6:saveRx	16	static
../Core/Src/main.c:307:6:setRxParameters	24	static
../Core/Src/main.c:316:6:clearMemForRx	16	static
../Core/Src/main.c:322:9:waitForRxDone	24	static
../Core/Src/main.c:337:6:configInit	72	static
../Core/Src/main.c:347:5:crcErrorActivation	32	static
../Core/Src/main.c:357:6:getLoraPacket	24	static
../Core/Src/main.c:368:6:printParameters	80	static
../Core/Src/main.c:381:6:read	32	static
../Core/Src/main.c:406:8:decodeVLAD	80	static
../Core/Src/main.c:423:6:modeCmdUpdate	24	static
../Core/Src/main.c:436:6:modeRs485Update	80	static
../Core/Src/main.c:457:6:print_parameters	32	static
../Core/Src/main.c:500:6:printStatus	352	static
../Core/Src/main.c:513:5:main	1168	static
../Core/Src/main.c:700:6:SystemClock_Config	88	static
../Core/Src/main.c:743:13:MX_ADC1_Init	24	static
../Core/Src/main.c:787:13:MX_CRC_Init	8	static
../Core/Src/main.c:811:13:MX_I2C1_Init	8	static
../Core/Src/main.c:843:13:MX_SPI1_Init	8	static
../Core/Src/main.c:879:13:MX_USART1_UART_Init	8	static
../Core/Src/main.c:910:13:MX_USART2_UART_Init	8	static
../Core/Src/main.c:941:13:MX_USART3_UART_Init	8	static
../Core/Src/main.c:972:13:MX_GPIO_Init	40	static
../Core/Src/main.c:1013:6:Error_Handler	4	static,ignoring_inline_asm
