../Drivers/CMSIS/Include/core_cm3.h:1876:26:ITM_SendChar	16	static,ignoring_inline_asm
../Core/Src/main.c:93:6:HAL_UART_RxCpltCallback	16	static
../Core/Src/main.c:106:6:HAL_SPI_TxCpltCallback	16	static
../Core/Src/main.c:110:6:HAL_SPI_RxCpltCallback	16	static
../Core/Src/main.c:114:5:_write	32	static
../Core/Src/main.c:124:6:setTxBaseParameters	32	static
../Core/Src/main.c:160:6:saveTx	16	static
../Core/Src/main.c:184:6:setTxParameters	24	static
../Core/Src/main.c:193:6:sx1278Reset	8	static
../Core/Src/main.c:202:6:transmit	176	static
../Core/Src/main.c:261:6:setRxBaseParameters	24	static
../Core/Src/main.c:291:6:saveRx	16	static
../Core/Src/main.c:315:6:setRxParameters	24	static
../Core/Src/main.c:324:6:clearMemForRx	16	static
../Core/Src/main.c:330:6:waitForRxDone	24	static
../Core/Src/main.c:341:6:configInit	72	static
../Core/Src/main.c:351:5:crcErrorActivation	32	static
../Core/Src/main.c:361:6:getLoraPacket	24	static
../Core/Src/main.c:372:6:printParameters	32	static
../Core/Src/main.c:379:6:read	32	static
../Core/Src/main.c:403:6:modeCmdUpdate	24	static
../Core/Src/main.c:417:6:modeRs485Update	16	static
../Core/Src/main.c:450:5:main	848	static
../Core/Src/main.c:596:6:SystemClock_Config	88	static
../Core/Src/main.c:639:13:MX_ADC1_Init	24	static
../Core/Src/main.c:683:13:MX_CRC_Init	8	static
../Core/Src/main.c:707:13:MX_I2C1_Init	8	static
../Core/Src/main.c:739:13:MX_SPI1_Init	8	static
../Core/Src/main.c:775:13:MX_USART1_UART_Init	8	static
../Core/Src/main.c:806:13:MX_USART2_UART_Init	8	static
../Core/Src/main.c:837:13:MX_USART3_UART_Init	8	static
../Core/Src/main.c:868:13:MX_GPIO_Init	40	static
../Core/Src/main.c:909:6:Error_Handler	4	static,ignoring_inline_asm
