../Core/Src/main.c:80:6:USART1_IRQHandler	8	static
../Core/Src/main.c:84:9:lora_read_reg	32	static
../Core/Src/main.c:95:6:sx1278Reset	8	static
../Core/Src/main.c:103:9:waitForRxDone	32	static
../Core/Src/main.c:119:6:printParameters	32	static
../Core/Src/main.c:133:6:modeCmdUpdate	24	static
../Core/Src/main.c:150:6:encodeVLAD	24	static
../Core/Src/main.c:209:6:modeRs485Update	24	static
../Core/Src/main.c:223:6:printStatus	368	static
../Core/Src/main.c:233:6:printLoRaStatus	56	static
../Core/Src/main.c:286:6:waitForTxEnd	24	static
../Core/Src/main.c:312:5:main	792	static
../Core/Src/main.c:474:6:SystemClock_Config	88	static
../Core/Src/main.c:512:13:MX_ADC1_Init	24	static
../Core/Src/main.c:568:13:MX_CRC_Init	8	static
../Core/Src/main.c:597:13:MX_SPI1_Init	8	static
../Core/Src/main.c:635:13:MX_USART1_UART_Init	8	static
../Core/Src/main.c:680:13:MX_GPIO_Init	48	static
../Core/Src/main.c:734:6:Error_Handler	8	static,ignoring_inline_asm
