../Drivers/CMSIS/Include/core_cm3.h:1876:26:ITM_SendChar	16	static,ignoring_inline_asm
../Core/Src/main.c:93:6:HAL_UART_RxCpltCallback	16	static
../Core/Src/main.c:103:6:HAL_SPI_TxCpltCallback	16	static
../Core/Src/main.c:107:6:HAL_SPI_RxCpltCallback	16	static
../Core/Src/main.c:111:5:_write	32	static
../Core/Src/main.c:120:6:setTxFifoAddr	24	static
../Core/Src/main.c:129:6:sx1278Reset	8	static
../Core/Src/main.c:137:6:setRxFifoAddr	24	static
../Core/Src/main.c:146:6:clearMemForRx	16	static
../Core/Src/main.c:152:9:waitForRxDone	24	static
../Core/Src/main.c:167:5:crcErrorActivation	32	static
../Core/Src/main.c:177:6:getRxFifoData	24	static
../Core/Src/main.c:188:6:printParameters	80	static
../Core/Src/main.c:204:8:decodeVLAD	80	static
../Core/Src/main.c:221:6:modeCmdUpdate	24	static
../Core/Src/main.c:234:6:modeRs485Update	80	static
../Core/Src/main.c:251:6:print_parameters	32	static
../Core/Src/main.c:285:6:printStatus	360	static
../Core/Src/main.c:297:6:printLoRaStatus	32	static
../Core/Src/main.c:341:6:setTxFifoData	24	static
../Core/Src/main.c:349:6:waitForTxEnd	24	static
../Core/Src/main.c:369:5:changeModeBySwitch	24	static
../Core/Src/main.c:398:5:main	880	static
../Core/Src/main.c:585:6:SystemClock_Config	88	static
../Core/Src/main.c:628:13:MX_ADC1_Init	24	static
../Core/Src/main.c:672:13:MX_CRC_Init	8	static
../Core/Src/main.c:696:13:MX_I2C1_Init	8	static
../Core/Src/main.c:728:13:MX_SPI1_Init	8	static
../Core/Src/main.c:764:13:MX_USART1_UART_Init	8	static
../Core/Src/main.c:795:13:MX_USART2_UART_Init	8	static
../Core/Src/main.c:826:13:MX_USART3_UART_Init	8	static
../Core/Src/main.c:857:13:MX_GPIO_Init	40	static
../Core/Src/main.c:898:6:Error_Handler	4	static,ignoring_inline_asm
