../Core/Src/main.c:79:6:USART1_IRQHandler	8	static
../Core/Src/main.c:83:9:lora_read_reg	32	static
../Core/Src/main.c:95:6:setTxBaseParameters	48	static
../Core/Src/main.c:131:6:saveTx	16	static
../Core/Src/main.c:155:6:setTxParameters	24	static
../Core/Src/main.c:163:6:sx1278Reset	8	static
../Core/Src/main.c:172:6:transmit	40	static
../Core/Src/main.c:227:6:setRxBaseParameters	40	static
../Core/Src/main.c:257:6:saveRx	16	static
../Core/Src/main.c:281:6:setRxParameters	24	static
../Core/Src/main.c:290:6:clearMemForRx	16	static
../Core/Src/main.c:296:6:waitForRxDone	32	static
../Core/Src/main.c:307:6:configInit	16	static
../Core/Src/main.c:319:5:crcErrorActivation	40	static
../Core/Src/main.c:329:6:getLoraPacket	32	static
../Core/Src/main.c:340:6:printParameters	40	static
../Core/Src/main.c:349:6:read	32	static
../Core/Src/main.c:373:6:modeCmdUpdate	32	static
../Core/Src/main.c:392:6:modeRs485Update	24	static
../Core/Src/main.c:426:5:main	856	static
../Core/Src/main.c:538:6:SystemClock_Config	88	static
../Core/Src/main.c:576:13:MX_ADC1_Init	24	static
../Core/Src/main.c:632:13:MX_CRC_Init	8	static
../Core/Src/main.c:661:13:MX_SPI1_Init	8	static
../Core/Src/main.c:699:13:MX_USART1_UART_Init	8	static
../Core/Src/main.c:744:13:MX_GPIO_Init	48	static
../Core/Src/main.c:798:6:Error_Handler	8	static,ignoring_inline_asm
