../Drivers/CMSIS/Include/core_cm3.h:1876:26:ITM_SendChar	16	static,ignoring_inline_asm
../Core/Src/main.c:76:6:HAL_SPI_TxCpltCallback	16	static
../Core/Src/main.c:80:6:HAL_SPI_RxCpltCallback	16	static
../Core/Src/main.c:84:5:_write	32	static
../Core/Src/main.c:95:6:setTxBaseParameters	32	static
../Core/Src/main.c:131:6:saveTx	16	static
../Core/Src/main.c:155:6:setTxParameters	24	static
../Core/Src/main.c:163:6:sx1278Reset	8	static
../Core/Src/main.c:172:6:transmit	32	static
../Core/Src/main.c:217:6:setRxParameters	24	static
../Core/Src/main.c:226:6:saveRx	16	static
../Core/Src/main.c:252:6:setRxBaseParameters	32	static
../Core/Src/main.c:288:6:read	96	static
../Core/Src/main.c:334:5:main	1192	static
../Core/Src/main.c:434:6:SystemClock_Config	88	static
../Core/Src/main.c:477:13:MX_ADC1_Init	24	static
../Core/Src/main.c:521:13:MX_CRC_Init	8	static
../Core/Src/main.c:545:13:MX_I2C1_Init	8	static
../Core/Src/main.c:577:13:MX_SPI1_Init	8	static
../Core/Src/main.c:613:13:MX_USART1_UART_Init	8	static
../Core/Src/main.c:644:13:MX_USART2_UART_Init	8	static
../Core/Src/main.c:675:13:MX_USART3_UART_Init	8	static
../Core/Src/main.c:706:13:MX_GPIO_Init	40	static
../Core/Src/main.c:741:6:Error_Handler	4	static,ignoring_inline_asm
