../Core/Src/main.c:79:6:USART1_IRQHandler	8	static
../Core/Src/main.c:83:9:lora_read_reg	32	static
../Core/Src/main.c:95:6:setTxBaseParameters	40	static
../Core/Src/main.c:124:6:saveTx	16	static
../Core/Src/main.c:147:6:txMode	16	static
../Core/Src/main.c:157:6:rxMode	16	static
../Core/Src/main.c:174:6:setTxParameters	24	static
../Core/Src/main.c:183:6:sx1278Reset	8	static
../Core/Src/main.c:191:6:transmit	56	static
../Core/Src/main.c:245:6:setRxBaseParameters	40	static
../Core/Src/main.c:275:6:saveRx	16	static
../Core/Src/main.c:299:6:setRxParameters	24	static
../Core/Src/main.c:308:6:clearMemForRx	16	static
../Core/Src/main.c:314:9:waitForRxDone	32	static
../Core/Src/main.c:330:6:configInit	16	static
../Core/Src/main.c:339:5:crcErrorActivation	40	static
../Core/Src/main.c:349:6:getLoraPacket	32	static
../Core/Src/main.c:360:6:printParameters	32	static
../Core/Src/main.c:371:6:read	32	static
../Core/Src/main.c:397:6:modeCmdUpdate	32	static
../Core/Src/main.c:414:6:encodeVLAD	24	static
../Core/Src/main.c:446:6:modeRs485Update	24	static
../Core/Src/main.c:463:6:printStatus	360	static
../Core/Src/main.c:476:5:main	1080	static
../Core/Src/main.c:620:6:SystemClock_Config	88	static
../Core/Src/main.c:658:13:MX_ADC1_Init	24	static
../Core/Src/main.c:714:13:MX_CRC_Init	8	static
../Core/Src/main.c:743:13:MX_SPI1_Init	8	static
../Core/Src/main.c:781:13:MX_USART1_UART_Init	8	static
../Core/Src/main.c:826:13:MX_GPIO_Init	48	static
../Core/Src/main.c:880:6:Error_Handler	8	static,ignoring_inline_asm
