../Drivers/CMSIS/Include/core_cm3.h:1876:26:ITM_SendChar	16	static,ignoring_inline_asm
../Core/Src/main.c:92:6:HAL_UART_RxCpltCallback	16	static
../Core/Src/main.c:104:6:HAL_SPI_TxCpltCallback	16	static
../Core/Src/main.c:108:6:HAL_SPI_RxCpltCallback	16	static
../Core/Src/main.c:112:5:_write	32	static
../Core/Src/main.c:122:6:setTxBaseParameters	32	static
../Core/Src/main.c:158:6:saveTx	16	static
../Core/Src/main.c:182:6:setTxParameters	24	static
../Core/Src/main.c:191:6:sx1278Reset	8	static
../Core/Src/main.c:200:6:transmit	176	static
../Core/Src/main.c:259:6:setRxBaseParameters	24	static
../Core/Src/main.c:289:6:saveRx	16	static
../Core/Src/main.c:313:6:setRxParameters	24	static
../Core/Src/main.c:322:6:clearMemForRx	16	static
../Core/Src/main.c:328:6:waitForRxDone	24	static
../Core/Src/main.c:339:6:configInit	72	static
../Core/Src/main.c:349:5:crcErrorActivation	32	static
../Core/Src/main.c:359:6:getLoraPacket	24	static
../Core/Src/main.c:370:6:printParameters	80	static
../Core/Src/main.c:378:6:read	32	static
../Core/Src/main.c:402:8:decodeVLAD	80	static
../Core/Src/main.c:420:6:modeCmdUpdate	24	static
../Core/Src/main.c:433:6:modeRs485Update	128	static
../Core/Src/main.c:452:6:print_parameters	32	static
../Core/Src/main.c:504:6:printStatus	352	static
../Core/Src/main.c:517:5:main	1056	static
../Core/Src/main.c:693:6:SystemClock_Config	88	static
../Core/Src/main.c:736:13:MX_ADC1_Init	24	static
../Core/Src/main.c:780:13:MX_CRC_Init	8	static
../Core/Src/main.c:804:13:MX_I2C1_Init	8	static
../Core/Src/main.c:836:13:MX_SPI1_Init	8	static
../Core/Src/main.c:872:13:MX_USART1_UART_Init	8	static
../Core/Src/main.c:903:13:MX_USART2_UART_Init	8	static
../Core/Src/main.c:934:13:MX_USART3_UART_Init	8	static
../Core/Src/main.c:965:13:MX_GPIO_Init	40	static
../Core/Src/main.c:1006:6:Error_Handler	4	static,ignoring_inline_asm
