../Core/Src/main.c:79:6:USART1_IRQHandler	8	static
../Core/Src/main.c:83:9:lora_read_reg	32	static
../Core/Src/main.c:95:6:setTxBaseParameters	48	static
../Core/Src/main.c:131:6:saveTx	16	static
../Core/Src/main.c:155:6:setTxParameters	24	static
../Core/Src/main.c:163:6:sx1278Reset	8	static
../Core/Src/main.c:172:6:transmit	40	static
../Core/Src/main.c:227:6:setRxBaseParameters	40	static
../Core/Src/main.c:257:6:saveRx	16	static
../Core/Src/main.c:281:6:setRxParameters	24	static
../Core/Src/main.c:290:6:clearMemForRx	16	static
../Core/Src/main.c:296:6:waitForRxDone	32	static
../Core/Src/main.c:307:6:configInit	72	static
../Core/Src/main.c:317:5:crcErrorActivation	40	static
../Core/Src/main.c:327:6:getLoraPacket	32	static
../Core/Src/main.c:338:6:printParameters	32	static
../Core/Src/main.c:345:6:read	32	static
../Core/Src/main.c:369:6:modeCmdUpdate	24	static
../Core/Src/main.c:391:6:modeRs485Update	16	static
../Core/Src/main.c:425:5:main	856	static
../Core/Src/main.c:537:6:SystemClock_Config	88	static
../Core/Src/main.c:575:13:MX_ADC1_Init	24	static
../Core/Src/main.c:631:13:MX_CRC_Init	8	static
../Core/Src/main.c:660:13:MX_SPI1_Init	8	static
../Core/Src/main.c:698:13:MX_USART1_UART_Init	8	static
../Core/Src/main.c:740:13:MX_GPIO_Init	48	static
../Core/Src/main.c:794:6:Error_Handler	8	static,ignoring_inline_asm
