../Core/Src/SX1278.c:12:9:SX1278_SPIRead	32	static
../Core/Src/SX1278.c:22:6:SX1278_SPIWrite	16	static
../Core/Src/SX1278.c:30:6:SX1278_SPIBurstRead	40	static
../Core/Src/SX1278.c:46:6:SX1278_SPIBurstRead2	16	static
../Core/Src/SX1278.c:58:9:SX1278_SPIBurstWrite	40	static
../Core/Src/SX1278.c:133:6:SX1278_standby	16	static
../Core/Src/SX1278.c:138:6:SX1278_sleep	16	static
../Core/Src/SX1278.c:143:6:sx1278_entry_LoRA_mode	16	static
../Core/Src/SX1278.c:147:6:SX1278_clearLoRaIrq	16	static
../Core/Src/SX1278.c:151:5:SX1278_LoRaEntryRx	40	static
../Core/Src/SX1278.c:183:9:SX1278_LoRaRxPacket	32	static
../Core/Src/SX1278.c:206:5:SX1278_LoRaEntryTx	40	static
../Core/Src/SX1278.c:237:5:SX1278_LoRaTxPacket	24	static
../Core/Src/SX1278.c:261:6:SX1278_init	24	static
../Core/Src/SX1278.c:275:5:SX1278_transmit	32	static
../Core/Src/SX1278.c:283:5:SX1278_receive	24	static
../Core/Src/SX1278.c:287:9:SX1278_available	16	static
../Core/Src/SX1278.c:291:9:SX1278_read	24	static
../Core/Src/SX1278.c:300:9:SX1278_RSSI_LoRa	24	static
../Core/Src/SX1278.c:307:9:SX1278_RSSI	32	static
../Core/Src/SX1278.c:315:9:readRegister	32	static
../Core/Src/SX1278.c:326:9:writeRegister	72	static
../Core/Src/SX1278.c:340:6:setRFFrequency	56	static
../Core/Src/SX1278.c:349:6:setOutputPower	16	static
../Core/Src/SX1278.c:353:6:setLORAWAN	16	static
../Core/Src/SX1278.c:356:6:setOvercurrentProtect	16	static
../Core/Src/SX1278.c:360:6:setLNAGain	16	static
../Core/Src/SX1278.c:364:6:setPreambleParameters	16	static
../Core/Src/SX1278.c:374:6:updateLoraLowFreq	24	static
../Core/Src/SX1278.c:379:6:setDetectionParameters	32	static
../Core/Src/SX1278.c:389:6:setReModemConfig	32	static
../Core/Src/SX1278.c:404:6:clearIrqFlags	24	static
