../Core/Src/SX1278.c:11:9:readRegister	32	static
../Core/Src/SX1278.c:22:6:writeRegister	48	static
../Core/Src/SX1278.c:39:6:writeRegister2	64	static
../Core/Src/SX1278.c:71:9:readRegister2	32	static
../Core/Src/SX1278.c:88:6:setRFFrequencyReg	56	static
../Core/Src/SX1278.c:98:6:setOutputPower	16	static
../Core/Src/SX1278.c:102:6:setLORAWAN	16	static
../Core/Src/SX1278.c:106:6:setOvercurrentProtect	16	static
../Core/Src/SX1278.c:110:6:setLNAGain	16	static
../Core/Src/SX1278.c:114:6:setPreambleParameters	16	static
../Core/Src/SX1278.c:124:6:setReModemConfig	32	static
../Core/Src/SX1278.c:138:6:setDetectionParametersReg	32	static
../Core/Src/SX1278.c:148:6:readOperatingMode	16	static
../Core/Src/SX1278.c:153:6:setLoraLowFreqModeReg	24	static
../Core/Src/SX1278.c:159:6:clearIrqFlagsReg	24	static
../Core/Src/SX1278.c:164:6:writeLoRaParametersReg	16	static
../Core/Src/SX1278.c:189:6:updateMode	16	static
../Core/Src/SX1278.c:221:6:initLoRaParameters	16	static
../Core/Src/SX1278.c:236:6:sx1278Reset	8	static
../Core/Src/SX1278.c:244:6:waitForTxEnd	24	static
../Core/Src/SX1278.c:264:9:waitForRxDone2	32	static
../Core/Src/SX1278.c:279:9:waitForRxDone	32	static
../Core/Src/SX1278.c:296:6:setRxFifoAddr	24	static
../Core/Src/SX1278.c:307:5:crcErrorActivation	32	static
../Core/Src/SX1278.c:317:6:getRxFifoData	32	static
../Core/Src/SX1278.c:329:6:setTxFifoAddr	24	static
../Core/Src/SX1278.c:338:6:setTxFifoData	24	static
../Core/Src/SX1278.c:346:6:clearMemForRx	16	static
../Core/Src/SX1278.c:352:6:receive	16	static
../Core/Src/SX1278.c:360:6:transmit	16	static
../Core/Src/SX1278.c:368:6:readLoRaSettings	16	static
../Core/Src/SX1278.c:391:11:loRaInit	24	static
