../Core/Src/SX1278.c:12:9:readRegister	24	static
../Core/Src/SX1278.c:23:9:writeRegister	64	static
../Core/Src/SX1278.c:38:9:writeRegister2	24	static
../Core/Src/SX1278.c:52:6:setRFFrequency	32	static
../Core/Src/SX1278.c:61:6:setOutputPower	16	static
../Core/Src/SX1278.c:65:6:setLORAWAN	16	static
../Core/Src/SX1278.c:68:6:setOvercurrentProtect	16	static
../Core/Src/SX1278.c:72:6:setLNAGain	16	static
../Core/Src/SX1278.c:76:6:setPreambleParameters	16	static
../Core/Src/SX1278.c:87:6:setReModemConfig	24	static
../Core/Src/SX1278.c:101:6:setDetectionParameters	24	static
../Core/Src/SX1278.c:111:6:standbyMode	24	static
../Core/Src/SX1278.c:117:6:sleepMode	24	static
../Core/Src/SX1278.c:129:6:setMode	24	static
../Core/Src/SX1278.c:134:17:readMode	16	static
../Core/Src/SX1278.c:139:6:updateLoraLowFreq	24	static
../Core/Src/SX1278.c:146:9:SX1278_SPIRead	32	static
../Core/Src/SX1278.c:157:6:SX1278_SPIWrite	24	static
../Core/Src/SX1278.c:165:6:SX1278_SPIBurstRead	40	static
../Core/Src/SX1278.c:180:6:SX1278_SPIBurstWrite	32	static
../Core/Src/SX1278.c:258:6:clearIrqFlags	24	static
../Core/Src/SX1278.c:296:9:SX1278_LoRaRxPacket	32	static
../Core/Src/SX1278.c:319:6:SX1278_clearLoRaIrq	16	static
../Core/Src/SX1278.c:323:5:configTxRegister	24	static
../Core/Src/SX1278.c:363:5:SX1278_transmit	24	static
../Core/Src/SX1278.c:371:5:SX1278_receive	24	static
../Core/Src/SX1278.c:376:9:SX1278_available	16	static
../Core/Src/SX1278.c:380:9:SX1278_RSSI_LoRa	24	static
../Core/Src/SX1278.c:387:9:SX1278_RSSI	24	static
