../Drivers/CMSIS/Include/core_cm0plus.h:741:22:__NVIC_EnableIRQ	16	static,ignoring_inline_asm
../Core/Src/uart1.c:10:9:cleanByTimeout	16	static
../Core/Src/uart1.c:22:6:uart1_gpio_init	8	static
../Core/Src/uart1.c:45:10:uart1Init	24	static
../Core/Src/uart1.c:83:6:uart1_dma_init	8	static
../Core/Src/uart1.c:93:6:writeTxReg	16	static
../Core/Src/uart1.c:106:6:uart1_read	32	static
../Core/Src/uart1.c:132:9:readRxReg	16	static
../Core/Src/uart1.c:145:6:readRx	24	static
../Core/Src/uart1.c:153:6:writeTxStr	32	static
../Core/Src/uart1.c:158:6:writeTxBuffer	32	static
../Core/Src/uart1.c:165:6:writeTx	16	static
../Core/Src/uart1.c:169:6:cleanRx	16	static
../Core/Src/uart1.c:175:6:cleanTx	16	static
